Archive member included to satisfy reference by file (symbol)

d:/st/stm32cubeide_1.0.2/stm32cubeide/plugins/com.st.stm32cube.ide.mcu.externaltools.gnu-tools-for-stm32.7-2018-q2-update.win32_1.0.0.201904181610/tools/bin/../lib/gcc/arm-none-eabi/7.3.1/../../../../arm-none-eabi/lib/thumb/v7e-m/fpv4-sp/hard\libc_nano.a(lib_a-errno.o)
                              Core/Src/syscalls.o (__errno)
d:/st/stm32cubeide_1.0.2/stm32cubeide/plugins/com.st.stm32cube.ide.mcu.externaltools.gnu-tools-for-stm32.7-2018-q2-update.win32_1.0.0.201904181610/tools/bin/../lib/gcc/arm-none-eabi/7.3.1/../../../../arm-none-eabi/lib/thumb/v7e-m/fpv4-sp/hard\libc_nano.a(lib_a-exit.o)
                              d:/st/stm32cubeide_1.0.2/stm32cubeide/plugins/com.st.stm32cube.ide.mcu.externaltools.gnu-tools-for-stm32.7-2018-q2-update.win32_1.0.0.201904181610/tools/bin/../lib/gcc/arm-none-eabi/7.3.1/../../../../arm-none-eabi/lib/thumb/v7e-m/fpv4-sp/hard/crt0.o (exit)
d:/st/stm32cubeide_1.0.2/stm32cubeide/plugins/com.st.stm32cube.ide.mcu.externaltools.gnu-tools-for-stm32.7-2018-q2-update.win32_1.0.0.201904181610/tools/bin/../lib/gcc/arm-none-eabi/7.3.1/../../../../arm-none-eabi/lib/thumb/v7e-m/fpv4-sp/hard\libc_nano.a(lib_a-impure.o)
                              d:/st/stm32cubeide_1.0.2/stm32cubeide/plugins/com.st.stm32cube.ide.mcu.externaltools.gnu-tools-for-stm32.7-2018-q2-update.win32_1.0.0.201904181610/tools/bin/../lib/gcc/arm-none-eabi/7.3.1/../../../../arm-none-eabi/lib/thumb/v7e-m/fpv4-sp/hard\libc_nano.a(lib_a-exit.o) (_global_impure_ptr)
d:/st/stm32cubeide_1.0.2/stm32cubeide/plugins/com.st.stm32cube.ide.mcu.externaltools.gnu-tools-for-stm32.7-2018-q2-update.win32_1.0.0.201904181610/tools/bin/../lib/gcc/arm-none-eabi/7.3.1/../../../../arm-none-eabi/lib/thumb/v7e-m/fpv4-sp/hard\libc_nano.a(lib_a-init.o)
                              d:/st/stm32cubeide_1.0.2/stm32cubeide/plugins/com.st.stm32cube.ide.mcu.externaltools.gnu-tools-for-stm32.7-2018-q2-update.win32_1.0.0.201904181610/tools/bin/../lib/gcc/arm-none-eabi/7.3.1/../../../../arm-none-eabi/lib/thumb/v7e-m/fpv4-sp/hard/crt0.o (__libc_init_array)
d:/st/stm32cubeide_1.0.2/stm32cubeide/plugins/com.st.stm32cube.ide.mcu.externaltools.gnu-tools-for-stm32.7-2018-q2-update.win32_1.0.0.201904181610/tools/bin/../lib/gcc/arm-none-eabi/7.3.1/../../../../arm-none-eabi/lib/thumb/v7e-m/fpv4-sp/hard\libc_nano.a(lib_a-malloc.o)
                              Middlewares/ST/STM32_USB_Host_Library/Class/CDC/Src/usbh_cdc.o (malloc)
d:/st/stm32cubeide_1.0.2/stm32cubeide/plugins/com.st.stm32cube.ide.mcu.externaltools.gnu-tools-for-stm32.7-2018-q2-update.win32_1.0.0.201904181610/tools/bin/../lib/gcc/arm-none-eabi/7.3.1/../../../../arm-none-eabi/lib/thumb/v7e-m/fpv4-sp/hard\libc_nano.a(lib_a-memset.o)
                              d:/st/stm32cubeide_1.0.2/stm32cubeide/plugins/com.st.stm32cube.ide.mcu.externaltools.gnu-tools-for-stm32.7-2018-q2-update.win32_1.0.0.201904181610/tools/bin/../lib/gcc/arm-none-eabi/7.3.1/../../../../arm-none-eabi/lib/thumb/v7e-m/fpv4-sp/hard/crt0.o (memset)
d:/st/stm32cubeide_1.0.2/stm32cubeide/plugins/com.st.stm32cube.ide.mcu.externaltools.gnu-tools-for-stm32.7-2018-q2-update.win32_1.0.0.201904181610/tools/bin/../lib/gcc/arm-none-eabi/7.3.1/../../../../arm-none-eabi/lib/thumb/v7e-m/fpv4-sp/hard\libc_nano.a(lib_a-nano-freer.o)
                              d:/st/stm32cubeide_1.0.2/stm32cubeide/plugins/com.st.stm32cube.ide.mcu.externaltools.gnu-tools-for-stm32.7-2018-q2-update.win32_1.0.0.201904181610/tools/bin/../lib/gcc/arm-none-eabi/7.3.1/../../../../arm-none-eabi/lib/thumb/v7e-m/fpv4-sp/hard\libc_nano.a(lib_a-malloc.o) (_free_r)
d:/st/stm32cubeide_1.0.2/stm32cubeide/plugins/com.st.stm32cube.ide.mcu.externaltools.gnu-tools-for-stm32.7-2018-q2-update.win32_1.0.0.201904181610/tools/bin/../lib/gcc/arm-none-eabi/7.3.1/../../../../arm-none-eabi/lib/thumb/v7e-m/fpv4-sp/hard\libc_nano.a(lib_a-nano-mallocr.o)
                              d:/st/stm32cubeide_1.0.2/stm32cubeide/plugins/com.st.stm32cube.ide.mcu.externaltools.gnu-tools-for-stm32.7-2018-q2-update.win32_1.0.0.201904181610/tools/bin/../lib/gcc/arm-none-eabi/7.3.1/../../../../arm-none-eabi/lib/thumb/v7e-m/fpv4-sp/hard\libc_nano.a(lib_a-malloc.o) (_malloc_r)
d:/st/stm32cubeide_1.0.2/stm32cubeide/plugins/com.st.stm32cube.ide.mcu.externaltools.gnu-tools-for-stm32.7-2018-q2-update.win32_1.0.0.201904181610/tools/bin/../lib/gcc/arm-none-eabi/7.3.1/../../../../arm-none-eabi/lib/thumb/v7e-m/fpv4-sp/hard\libc_nano.a(lib_a-sbrkr.o)
                              d:/st/stm32cubeide_1.0.2/stm32cubeide/plugins/com.st.stm32cube.ide.mcu.externaltools.gnu-tools-for-stm32.7-2018-q2-update.win32_1.0.0.201904181610/tools/bin/../lib/gcc/arm-none-eabi/7.3.1/../../../../arm-none-eabi/lib/thumb/v7e-m/fpv4-sp/hard\libc_nano.a(lib_a-nano-mallocr.o) (_sbrk_r)
[...]
Memory Configuration

Name             Origin             Length             Attributes
CCMRAM           0x0000000010000000 0x0000000000010000 xrw
RAM              0x0000000020000000 0x0000000000020000 xrw
FLASH            0x0000000008000000 0x0000000000100000 xr
*default*        0x0000000000000000 0xffffffffffffffff

Linker script and memory map

LOAD d:/st/stm32cubeide_1.0.2/stm32cubeide/plugins/com.st.stm32cube.ide.mcu.externaltools.gnu-tools-for-stm32.7-2018-q2-update.win32_1.0.0.201904181610/tools/bin/../lib/gcc/arm-none-eabi/7.3.1/thumb/v7e-m/fpv4-sp/hard/crti.o
LOAD d:/st/stm32cubeide_1.0.2/stm32cubeide/plugins/com.st.stm32cube.ide.mcu.externaltools.gnu-tools-for-stm32.7-2018-q2-update.win32_1.0.0.201904181610/tools/bin/../lib/gcc/arm-none-eabi/7.3.1/thumb/v7e-m/fpv4-sp/hard/crtbegin.o
LOAD d:/st/stm32cubeide_1.0.2/stm32cubeide/plugins/com.st.stm32cube.ide.mcu.externaltools.gnu-tools-for-stm32.7-2018-q2-update.win32_1.0.0.201904181610/tools/bin/../lib/gcc/arm-none-eabi/7.3.1/../../../../arm-none-eabi/lib/thumb/v7e-m/fpv4-sp/hard/crt0.o
LOAD Core/Src/main.o
LOAD Core/Src/stm32f4xx_hal_msp.o
LOAD Core/Src/stm32f4xx_it.o
LOAD Core/Src/syscalls.o
LOAD Core/Src/sysmem.o
LOAD Core/Src/system_stm32f4xx.o
LOAD Core/Startup/startup_stm32f407vgtx.o
LOAD Drivers/STM32F4xx_HAL_Driver/Src/stm32f4xx_hal.o
LOAD Drivers/STM32F4xx_HAL_Driver/Src/stm32f4xx_hal_cortex.o
LOAD Drivers/STM32F4xx_HAL_Driver/Src/stm32f4xx_hal_dma.o
LOAD Drivers/STM32F4xx_HAL_Driver/Src/stm32f4xx_hal_dma_ex.o
LOAD Drivers/STM32F4xx_HAL_Driver/Src/stm32f4xx_hal_exti.o
LOAD Drivers/STM32F4xx_HAL_Driver/Src/stm32f4xx_hal_flash.o
LOAD Drivers/STM32F4xx_HAL_Driver/Src/stm32f4xx_hal_flash_ex.o
LOAD Drivers/STM32F4xx_HAL_Driver/Src/stm32f4xx_hal_flash_ramfunc.o
LOAD Drivers/STM32F4xx_HAL_Driver/Src/stm32f4xx_hal_gpio.o
LOAD Drivers/STM32F4xx_HAL_Driver/Src/stm32f4xx_hal_hcd.o
LOAD Drivers/STM32F4xx_HAL_Driver/Src/stm32f4xx_hal_i2c.o
LOAD Drivers/STM32F4xx_HAL_Driver/Src/stm32f4xx_hal_i2c_ex.o
LOAD Drivers/STM32F4xx_HAL_Driver/Src/stm32f4xx_hal_i2s.o
LOAD Drivers/STM32F4xx_HAL_Driver/Src/stm32f4xx_hal_i2s_ex.o
LOAD Drivers/STM32F4xx_HAL_Driver/Src/stm32f4xx_hal_pwr.o
LOAD Drivers/STM32F4xx_HAL_Driver/Src/stm32f4xx_hal_pwr_ex.o
LOAD Drivers/STM32F4xx_HAL_Driver/Src/stm32f4xx_hal_rcc.o
LOAD Drivers/STM32F4xx_HAL_Driver/Src/stm32f4xx_hal_rcc_ex.o
LOAD Drivers/STM32F4xx_HAL_Driver/Src/stm32f4xx_hal_spi.o
LOAD Drivers/STM32F4xx_HAL_Driver/Src/stm32f4xx_hal_tim.o
LOAD Drivers/STM32F4xx_HAL_Driver/Src/stm32f4xx_hal_tim_ex.o
LOAD Drivers/STM32F4xx_HAL_Driver/Src/stm32f4xx_ll_usb.o
LOAD Middlewares/ST/STM32_USB_Host_Library/Class/CDC/Src/usbh_cdc.o
LOAD Middlewares/ST/STM32_USB_Host_Library/Core/Src/usbh_core.o
LOAD Middlewares/ST/STM32_USB_Host_Library/Core/Src/usbh_ctlreq.o
LOAD Middlewares/ST/STM32_USB_Host_Library/Core/Src/usbh_ioreq.o
LOAD Middlewares/ST/STM32_USB_Host_Library/Core/Src/usbh_pipes.o
LOAD USB_HOST/App/usb_host.o
LOAD USB_HOST/Target/usbh_conf.o
LOAD USB_HOST/Target/usbh_platform.o
START GROUP
LOAD d:/st/stm32cubeide_1.0.2/stm32cubeide/plugins/com.st.stm32cube.ide.mcu.externaltools.gnu-tools-for-stm32.7-2018-q2-update.win32_1.0.0.201904181610/tools/bin/../lib/gcc/arm-none-eabi/7.3.1/../../../../arm-none-eabi/lib/thumb/v7e-m/fpv4-sp/hard\libc_nano.a
LOAD d:/st/stm32cubeide_1.0.2/stm32cubeide/plugins/com.st.stm32cube.ide.mcu.externaltools.gnu-tools-for-stm32.7-2018-q2-update.win32_1.0.0.201904181610/tools/bin/../lib/gcc/arm-none-eabi/7.3.1/../../../../arm-none-eabi/lib/thumb/v7e-m/fpv4-sp/hard\libm.a
END GROUP
START GROUP
LOAD d:/st/stm32cubeide_1.0.2/stm32cubeide/plugins/com.st.stm32cube.ide.mcu.externaltools.gnu-tools-for-stm32.7-2018-q2-update.win32_1.0.0.201904181610/tools/bin/../lib/gcc/arm-none-eabi/7.3.1/thumb/v7e-m/fpv4-sp/hard\libgcc.a
LOAD d:/st/stm32cubeide_1.0.2/stm32cubeide/plugins/com.st.stm32cube.ide.mcu.externaltools.gnu-tools-for-stm32.7-2018-q2-update.win32_1.0.0.201904181610/tools/bin/../lib/gcc/arm-none-eabi/7.3.1/../../../../arm-none-eabi/lib/thumb/v7e-m/fpv4-sp/hard\libc_nano.a
END GROUP
START GROUP
LOAD d:/st/stm32cubeide_1.0.2/stm32cubeide/plugins/com.st.stm32cube.ide.mcu.externaltools.gnu-tools-for-stm32.7-2018-q2-update.win32_1.0.0.201904181610/tools/bin/../lib/gcc/arm-none-eabi/7.3.1/thumb/v7e-m/fpv4-sp/hard\libgcc.a
LOAD d:/st/stm32cubeide_1.0.2/stm32cubeide/plugins/com.st.stm32cube.ide.mcu.externaltools.gnu-tools-for-stm32.7-2018-q2-update.win32_1.0.0.201904181610/tools/bin/../lib/gcc/arm-none-eabi/7.3.1/../../../../arm-none-eabi/lib/thumb/v7e-m/fpv4-sp/hard\libc_nano.a
LOAD d:/st/stm32cubeide_1.0.2/stm32cubeide/plugins/com.st.stm32cube.ide.mcu.externaltools.gnu-tools-for-stm32.7-2018-q2-update.win32_1.0.0.201904181610/tools/bin/../lib/gcc/arm-none-eabi/7.3.1/../../../../arm-none-eabi/lib/thumb/v7e-m/fpv4-sp/hard\libnosys.a
END GROUP
START GROUP
LOAD d:/st/stm32cubeide_1.0.2/stm32cubeide/plugins/com.st.stm32cube.ide.mcu.externaltools.gnu-tools-for-stm32.7-2018-q2-update.win32_1.0.0.201904181610/tools/bin/../lib/gcc/arm-none-eabi/7.3.1/thumb/v7e-m/fpv4-sp/hard\libgcc.a
LOAD d:/st/stm32cubeide_1.0.2/stm32cubeide/plugins/com.st.stm32cube.ide.mcu.externaltools.gnu-tools-for-stm32.7-2018-q2-update.win32_1.0.0.201904181610/tools/bin/../lib/gcc/arm-none-eabi/7.3.1/../../../../arm-none-eabi/lib/thumb/v7e-m/fpv4-sp/hard\libc_nano.a
LOAD d:/st/stm32cubeide_1.0.2/stm32cubeide/plugins/com.st.stm32cube.ide.mcu.externaltools.gnu-tools-for-stm32.7-2018-q2-update.win32_1.0.0.201904181610/tools/bin/../lib/gcc/arm-none-eabi/7.3.1/../../../../arm-none-eabi/lib/thumb/v7e-m/fpv4-sp/hard\libnosys.a
END GROUP
LOAD d:/st/stm32cubeide_1.0.2/stm32cubeide/plugins/com.st.stm32cube.ide.mcu.externaltools.gnu-tools-for-stm32.7-2018-q2-update.win32_1.0.0.201904181610/tools/bin/../lib/gcc/arm-none-eabi/7.3.1/thumb/v7e-m/fpv4-sp/hard/crtend.o
LOAD d:/st/stm32cubeide_1.0.2/stm32cubeide/plugins/com.st.stm32cube.ide.mcu.externaltools.gnu-tools-for-stm32.7-2018-q2-update.win32_1.0.0.201904181610/tools/bin/../lib/gcc/arm-none-eabi/7.3.1/thumb/v7e-m/fpv4-sp/hard/crtn.o
                0x0000000020020000                _estack = (ORIGIN (RAM) + LENGTH (RAM))
                0x0000000000000200                _Min_Heap_Size = 0x200
                0x0000000000000400                _Min_Stack_Size = 0x400

.isr_vector     0x0000000008000000      0x188
                0x0000000008000000                . = ALIGN (0x4)
 *(.isr_vector)
 .isr_vector    0x0000000008000000      0x188 Core/Startup/startup_stm32f407vgtx.o
                0x0000000008000000                g_pfnVectors
                0x0000000008000188                . = ALIGN (0x4)

.text           0x0000000008000188     0x7440
                0x0000000008000188                . = ALIGN (0x4)
 *(.text)
 .text          0x0000000008000188       0x40 d:/st/stm32cubeide_1.0.2/stm32cubeide/plugins/com.st.stm32cube.ide.mcu.externaltools.gnu-tools-for-stm32.7-2018-q2-update.win32_1.0.0.201904181610/tools/bin/../lib/gcc/arm-none-eabi/7.3.1/thumb/v7e-m/fpv4-sp/hard/crtbegin.o
 .text          0x00000000080001c8       0x30 d:/st/stm32cubeide_1.0.2/stm32cubeide/plugins/com.st.stm32cube.ide.mcu.externaltools.gnu-tools-for-stm32.7-2018-q2-update.win32_1.0.0.201904181610/tools/bin/../lib/gcc/arm-none-eabi/7.3.1/thumb/v7e-m/fpv4-sp/hard\libgcc.a(_aeabi_uldivmod.o)
                0x00000000080001c8                __aeabi_uldivmod
 .text          0x00000000080001f8      0x2cc d:/st/stm32cubeide_1.0.2/stm32cubeide/plugins/com.st.stm32cube.ide.mcu.externaltools.gnu-tools-for-stm32.7-2018-q2-update.win32_1.0.0.201904181610/tools/bin/../lib/gcc/arm-none-eabi/7.3.1/thumb/v7e-m/fpv4-sp/hard\libgcc.a(_udivmoddi4.o)
                0x00000000080001f8                __udivmoddi4
 .text          0x00000000080004c4        0x4 d:/st/stm32cubeide_1.0.2/stm32cubeide/plugins/com.st.stm32cube.ide.mcu.externaltools.gnu-tools-for-stm32.7-2018-q2-update.win32_1.0.0.201904181610/tools/bin/../lib/gcc/arm-none-eabi/7.3.1/thumb/v7e-m/fpv4-sp/hard\libgcc.a(_dvmd_tls.o)
                0x00000000080004c4                __aeabi_idiv0
                0x00000000080004c4                __aeabi_ldiv0
 *(.text*)
 .text.main     0x00000000080004c8       0x26 Core/Src/main.o
                0x00000000080004c8                main
 *fill*         0x00000000080004ee        0x2 
 .text.SystemClock_Config
                0x00000000080004f0      0x104 Core/Src/main.o
                0x00000000080004f0                SystemClock_Config
 .text.MX_I2C1_Init
                0x00000000080005f4       0x5c Core/Src/main.o
 .text.MX_I2S3_Init
                0x0000000008000650       0x60 Core/Src/main.o
 .text.MX_SPI1_Init
                0x00000000080006b0       0x6c Core/Src/main.o
 .text.MX_GPIO_Init
                0x000000000800071c      0x1fc Core/Src/main.o
 .text.Error_Handler
                0x0000000008000918        0xe Core/Src/main.o
                0x0000000008000918                Error_Handler
 *fill*         0x0000000008000926        0x2 
 .text.HAL_MspInit
                0x0000000008000928       0x50 Core/Src/stm32f4xx_hal_msp.o
                0x0000000008000928                HAL_MspInit
 .text.HAL_I2C_MspInit
                0x0000000008000978       0x90 Core/Src/stm32f4xx_hal_msp.o
                0x0000000008000978                HAL_I2C_MspInit
 .text.HAL_I2S_MspInit
                0x0000000008000a08       0xd0 Core/Src/stm32f4xx_hal_msp.o
                0x0000000008000a08                HAL_I2S_MspInit
 .text.HAL_SPI_MspInit
                0x0000000008000ad8       0x90 Core/Src/stm32f4xx_hal_msp.o
                0x0000000008000ad8                HAL_SPI_MspInit
 .text.NMI_Handler
                0x0000000008000b68        0xe Core/Src/stm32f4xx_it.o
                0x0000000008000b68                NMI_Handler
 .text.HardFault_Handler
                0x0000000008000b76        0x6 Core/Src/stm32f4xx_it.o
                0x0000000008000b76                HardFault_Handler
 .text.MemManage_Handler
                0x0000000008000b7c        0x6 Core/Src/stm32f4xx_it.o
                0x0000000008000b7c                MemManage_Handler
 .text.BusFault_Handler
                0x0000000008000b82        0x6 Core/Src/stm32f4xx_it.o
                0x0000000008000b82                BusFault_Handler
 .text.UsageFault_Handler
                0x0000000008000b88        0x6 Core/Src/stm32f4xx_it.o
                0x0000000008000b88                UsageFault_Handler
 .text.SVC_Handler
                0x0000000008000b8e        0xe Core/Src/stm32f4xx_it.o
                0x0000000008000b8e                SVC_Handler
 .text.DebugMon_Handler
                0x0000000008000b9c        0xe Core/Src/stm32f4xx_it.o
                0x0000000008000b9c                DebugMon_Handler
 .text.PendSV_Handler
                0x0000000008000baa        0xe Core/Src/stm32f4xx_it.o
                0x0000000008000baa                PendSV_Handler
 .text.SysTick_Handler
                0x0000000008000bb8        0xc Core/Src/stm32f4xx_it.o
                0x0000000008000bb8                SysTick_Handler
 .text.OTG_FS_IRQHandler
                0x0000000008000bc4       0x14 Core/Src/stm32f4xx_it.o
                0x0000000008000bc4                OTG_FS_IRQHandler
 .text._sbrk    0x0000000008000bd8       0x58 Core/Src/sysmem.o
                0x0000000008000bd8                _sbrk
 .text.SystemInit
                0x0000000008000c30       0x6c Core/Src/system_stm32f4xx.o
                0x0000000008000c30                SystemInit
 .text.Reset_Handler
                0x0000000008000c9c       0x50 Core/Startup/startup_stm32f407vgtx.o
                0x0000000008000c9c                Reset_Handler
 .text.Default_Handler
                0x0000000008000cec        0x2 Core/Startup/startup_stm32f407vgtx.o
                0x0000000008000cec                RTC_Alarm_IRQHandler
                0x0000000008000cec                HASH_RNG_IRQHandler
                0x0000000008000cec                EXTI2_IRQHandler
                0x0000000008000cec                TIM8_CC_IRQHandler
                0x0000000008000cec                TIM1_CC_IRQHandler
                0x0000000008000cec                DMA2_Stream5_IRQHandler
                0x0000000008000cec                DMA1_Stream5_IRQHandler
                0x0000000008000cec                PVD_IRQHandler
                0x0000000008000cec                SDIO_IRQHandler
                0x0000000008000cec                TAMP_STAMP_IRQHandler
                0x0000000008000cec                CAN2_RX1_IRQHandler
                0x0000000008000cec                EXTI3_IRQHandler
                0x0000000008000cec                TIM8_TRG_COM_TIM14_IRQHandler
                0x0000000008000cec                TIM1_UP_TIM10_IRQHandler
                0x0000000008000cec                TIM8_UP_TIM13_IRQHandler
                0x0000000008000cec                I2C3_ER_IRQHandler
                0x0000000008000cec                EXTI0_IRQHandler
                0x0000000008000cec                I2C2_EV_IRQHandler
                0x0000000008000cec                DMA1_Stream2_IRQHandler
                0x0000000008000cec                CAN1_RX0_IRQHandler
                0x0000000008000cec                FPU_IRQHandler
                0x0000000008000cec                OTG_HS_WKUP_IRQHandler
                0x0000000008000cec                CAN2_SCE_IRQHandler
                0x0000000008000cec                DMA2_Stream2_IRQHandler
                0x0000000008000cec                SPI1_IRQHandler
                0x0000000008000cec                TIM6_DAC_IRQHandler
                0x0000000008000cec                TIM1_BRK_TIM9_IRQHandler
                0x0000000008000cec                DCMI_IRQHandler
                0x0000000008000cec                CAN2_RX0_IRQHandler
                0x0000000008000cec                DMA2_Stream3_IRQHandler
                0x0000000008000cec                USART6_IRQHandler
                0x0000000008000cec                USART3_IRQHandler
                0x0000000008000cec                CAN1_RX1_IRQHandler
                0x0000000008000cec                UART5_IRQHandler
                0x0000000008000cec                DMA2_Stream0_IRQHandler
                0x0000000008000cec                TIM4_IRQHandler
                0x0000000008000cec                I2C1_EV_IRQHandler
                0x0000000008000cec                DMA1_Stream6_IRQHandler
                0x0000000008000cec                DMA1_Stream1_IRQHandler
                0x0000000008000cec                UART4_IRQHandler
                0x0000000008000cec                TIM3_IRQHandler
                0x0000000008000cec                RCC_IRQHandler
                0x0000000008000cec                TIM8_BRK_TIM12_IRQHandler
                0x0000000008000cec                Default_Handler
                0x0000000008000cec                EXTI15_10_IRQHandler
                0x0000000008000cec                ADC_IRQHandler
                0x0000000008000cec                DMA1_Stream7_IRQHandler
                0x0000000008000cec                TIM7_IRQHandler
                0x0000000008000cec                CAN2_TX_IRQHandler
                0x0000000008000cec                TIM5_IRQHandler
                0x0000000008000cec                DMA2_Stream7_IRQHandler
                0x0000000008000cec                I2C3_EV_IRQHandler
                0x0000000008000cec                EXTI9_5_IRQHandler
                0x0000000008000cec                RTC_WKUP_IRQHandler
                0x0000000008000cec                ETH_WKUP_IRQHandler
                0x0000000008000cec                SPI2_IRQHandler
                0x0000000008000cec                OTG_HS_EP1_IN_IRQHandler
                0x0000000008000cec                DMA1_Stream0_IRQHandler
                0x0000000008000cec                CAN1_TX_IRQHandler
                0x0000000008000cec                EXTI4_IRQHandler
                0x0000000008000cec                FSMC_IRQHandler
                0x0000000008000cec                ETH_IRQHandler
                0x0000000008000cec                OTG_HS_EP1_OUT_IRQHandler
                0x0000000008000cec                WWDG_IRQHandler
                0x0000000008000cec                TIM2_IRQHandler
                0x0000000008000cec                OTG_FS_WKUP_IRQHandler
                0x0000000008000cec                TIM1_TRG_COM_TIM11_IRQHandler
                0x0000000008000cec                OTG_HS_IRQHandler
                0x0000000008000cec                EXTI1_IRQHandler
                0x0000000008000cec                USART2_IRQHandler
                0x0000000008000cec                I2C2_ER_IRQHandler
                0x0000000008000cec                DMA2_Stream1_IRQHandler
                0x0000000008000cec                CAN1_SCE_IRQHandler
                0x0000000008000cec                FLASH_IRQHandler
                0x0000000008000cec                DMA2_Stream4_IRQHandler
                0x0000000008000cec                USART1_IRQHandler
                0x0000000008000cec                SPI3_IRQHandler
                0x0000000008000cec                DMA1_Stream4_IRQHandler
                0x0000000008000cec                I2C1_ER_IRQHandler
                0x0000000008000cec                DMA2_Stream6_IRQHandler
                0x0000000008000cec                DMA1_Stream3_IRQHandler
 *fill*         0x0000000008000cee        0x2 
 .text.HAL_Init
                0x0000000008000cf0       0x44 Drivers/STM32F4xx_HAL_Driver/Src/stm32f4xx_hal.o
                0x0000000008000cf0                HAL_Init
 .text.HAL_InitTick
                0x0000000008000d34       0x60 Drivers/STM32F4xx_HAL_Driver/Src/stm32f4xx_hal.o
                0x0000000008000d34                HAL_InitTick
 .text.HAL_IncTick
                0x0000000008000d94       0x28 Drivers/STM32F4xx_HAL_Driver/Src/stm32f4xx_hal.o
                0x0000000008000d94                HAL_IncTick
 .text.HAL_GetTick
                0x0000000008000dbc       0x18 Drivers/STM32F4xx_HAL_Driver/Src/stm32f4xx_hal.o
                0x0000000008000dbc                HAL_GetTick
 .text.HAL_Delay
                0x0000000008000dd4       0x44 Drivers/STM32F4xx_HAL_Driver/Src/stm32f4xx_hal.o
                0x0000000008000dd4                HAL_Delay
 .text.__NVIC_SetPriorityGrouping
                0x0000000008000e18       0x48 Drivers/STM32F4xx_HAL_Driver/Src/stm32f4xx_hal_cortex.o
 .text.__NVIC_GetPriorityGrouping
                0x0000000008000e60       0x1c Drivers/STM32F4xx_HAL_Driver/Src/stm32f4xx_hal_cortex.o
 .text.__NVIC_EnableIRQ
                0x0000000008000e7c       0x3c Drivers/STM32F4xx_HAL_Driver/Src/stm32f4xx_hal_cortex.o
 .text.__NVIC_SetPriority
                0x0000000008000eb8       0x54 Drivers/STM32F4xx_HAL_Driver/Src/stm32f4xx_hal_cortex.o
 .text.NVIC_EncodePriority
                0x0000000008000f0c       0x66 Drivers/STM32F4xx_HAL_Driver/Src/stm32f4xx_hal_cortex.o
 *fill*         0x0000000008000f72        0x2 
 .text.SysTick_Config
                0x0000000008000f74       0x44 Drivers/STM32F4xx_HAL_Driver/Src/stm32f4xx_hal_cortex.o
 .text.HAL_NVIC_SetPriorityGrouping
                0x0000000008000fb8       0x16 Drivers/STM32F4xx_HAL_Driver/Src/stm32f4xx_hal_cortex.o
                0x0000000008000fb8                HAL_NVIC_SetPriorityGrouping
 .text.HAL_NVIC_SetPriority
                0x0000000008000fce       0x38 Drivers/STM32F4xx_HAL_Driver/Src/stm32f4xx_hal_cortex.o
                0x0000000008000fce                HAL_NVIC_SetPriority
 .text.HAL_NVIC_EnableIRQ
                0x0000000008001006       0x1c Drivers/STM32F4xx_HAL_Driver/Src/stm32f4xx_hal_cortex.o
                0x0000000008001006                HAL_NVIC_EnableIRQ
 .text.HAL_SYSTICK_Config
                0x0000000008001022       0x18 Drivers/STM32F4xx_HAL_Driver/Src/stm32f4xx_hal_cortex.o
                0x0000000008001022                HAL_SYSTICK_Config
 *fill*         0x000000000800103a        0x2 
 .text.HAL_GPIO_Init
                0x000000000800103c      0x334 Drivers/STM32F4xx_HAL_Driver/Src/stm32f4xx_hal_gpio.o
                0x000000000800103c                HAL_GPIO_Init
 .text.HAL_GPIO_WritePin
                0x0000000008001370       0x32 Drivers/STM32F4xx_HAL_Driver/Src/stm32f4xx_hal_gpio.o
                0x0000000008001370                HAL_GPIO_WritePin
 .text.HAL_HCD_Init
                0x00000000080013a2       0xc4 Drivers/STM32F4xx_HAL_Driver/Src/stm32f4xx_hal_hcd.o
                0x00000000080013a2                HAL_HCD_Init
 .text.HAL_HCD_HC_Init
                0x0000000008001466      0x130 Drivers/STM32F4xx_HAL_Driver/Src/stm32f4xx_hal_hcd.o
                0x0000000008001466                HAL_HCD_HC_Init
 .text.HAL_HCD_HC_Halt
                0x0000000008001596       0x46 Drivers/STM32F4xx_HAL_Driver/Src/stm32f4xx_hal_hcd.o
                0x0000000008001596                HAL_HCD_HC_Halt
 .text.HAL_HCD_HC_SubmitRequest
                0x00000000080015dc      0x2d0 Drivers/STM32F4xx_HAL_Driver/Src/stm32f4xx_hal_hcd.o
                0x00000000080015dc                HAL_HCD_HC_SubmitRequest
 .text.HAL_HCD_IRQHandler
                0x00000000080018ac      0x20c Drivers/STM32F4xx_HAL_Driver/Src/stm32f4xx_hal_hcd.o
                0x00000000080018ac                HAL_HCD_IRQHandler
 .text.HAL_HCD_Start
                0x0000000008001ab8       0x46 Drivers/STM32F4xx_HAL_Driver/Src/stm32f4xx_hal_hcd.o
                0x0000000008001ab8                HAL_HCD_Start
 .text.HAL_HCD_Stop
                0x0000000008001afe       0x3a Drivers/STM32F4xx_HAL_Driver/Src/stm32f4xx_hal_hcd.o
                0x0000000008001afe                HAL_HCD_Stop
 .text.HAL_HCD_ResetPort
                0x0000000008001b38       0x1c Drivers/STM32F4xx_HAL_Driver/Src/stm32f4xx_hal_hcd.o
                0x0000000008001b38                HAL_HCD_ResetPort
 .text.HAL_HCD_HC_GetURBState
                0x0000000008001b54       0x2a Drivers/STM32F4xx_HAL_Driver/Src/stm32f4xx_hal_hcd.o
                0x0000000008001b54                HAL_HCD_HC_GetURBState
 .text.HAL_HCD_HC_GetXferCount
                0x0000000008001b7e       0x2a Drivers/STM32F4xx_HAL_Driver/Src/stm32f4xx_hal_hcd.o
                0x0000000008001b7e                HAL_HCD_HC_GetXferCount
 .text.HAL_HCD_GetCurrentFrame
                0x0000000008001ba8       0x1c Drivers/STM32F4xx_HAL_Driver/Src/stm32f4xx_hal_hcd.o
                0x0000000008001ba8                HAL_HCD_GetCurrentFrame
 .text.HAL_HCD_GetCurrentSpeed
                0x0000000008001bc4       0x1c Drivers/STM32F4xx_HAL_Driver/Src/stm32f4xx_hal_hcd.o
                0x0000000008001bc4                HAL_HCD_GetCurrentSpeed
 .text.HCD_HC_IN_IRQHandler
                0x0000000008001be0      0x72e Drivers/STM32F4xx_HAL_Driver/Src/stm32f4xx_hal_hcd.o
 .text.HCD_HC_OUT_IRQHandler
                0x000000000800230e      0x6ea Drivers/STM32F4xx_HAL_Driver/Src/stm32f4xx_hal_hcd.o
 .text.HCD_RXQLVL_IRQHandler
                0x00000000080029f8      0x158 Drivers/STM32F4xx_HAL_Driver/Src/stm32f4xx_hal_hcd.o
 .text.HCD_Port_IRQHandler
                0x0000000008002b50      0x120 Drivers/STM32F4xx_HAL_Driver/Src/stm32f4xx_hal_hcd.o
 .text.HAL_I2C_Init
                0x0000000008002c70      0x250 Drivers/STM32F4xx_HAL_Driver/Src/stm32f4xx_hal_i2c.o
                0x0000000008002c70                HAL_I2C_Init
 .text.HAL_I2S_Init
                0x0000000008002ec0      0x280 Drivers/STM32F4xx_HAL_Driver/Src/stm32f4xx_hal_i2s.o
                0x0000000008002ec0                HAL_I2S_Init
 .text.HAL_I2S_TxCpltCallback
                0x0000000008003140       0x14 Drivers/STM32F4xx_HAL_Driver/Src/stm32f4xx_hal_i2s.o
                0x0000000008003140                HAL_I2S_TxCpltCallback
 .text.HAL_I2S_RxCpltCallback
                0x0000000008003154       0x14 Drivers/STM32F4xx_HAL_Driver/Src/stm32f4xx_hal_i2s.o
                0x0000000008003154                HAL_I2S_RxCpltCallback
 .text.HAL_I2S_ErrorCallback
                0x0000000008003168       0x14 Drivers/STM32F4xx_HAL_Driver/Src/stm32f4xx_hal_i2s.o
                0x0000000008003168                HAL_I2S_ErrorCallback
 .text.I2S_Transmit_IT
                0x000000000800317c       0x5c Drivers/STM32F4xx_HAL_Driver/Src/stm32f4xx_hal_i2s.o
 .text.I2S_Receive_IT
                0x00000000080031d8       0x5e Drivers/STM32F4xx_HAL_Driver/Src/stm32f4xx_hal_i2s.o
 .text.I2S_IRQHandler
                0x0000000008003236      0x114 Drivers/STM32F4xx_HAL_Driver/Src/stm32f4xx_hal_i2s.o
 *fill*         0x000000000800334a        0x2 
 .text.HAL_I2SEx_FullDuplex_IRQHandler
                0x000000000800334c      0x2a8 Drivers/STM32F4xx_HAL_Driver/Src/stm32f4xx_hal_i2s_ex.o
                0x000000000800334c                HAL_I2SEx_FullDuplex_IRQHandler
 .text.HAL_I2SEx_TxRxCpltCallback
                0x00000000080035f4       0x14 Drivers/STM32F4xx_HAL_Driver/Src/stm32f4xx_hal_i2s_ex.o
                0x00000000080035f4                HAL_I2SEx_TxRxCpltCallback
 .text.I2SEx_TxISR_I2S
                0x0000000008003608       0x62 Drivers/STM32F4xx_HAL_Driver/Src/stm32f4xx_hal_i2s_ex.o
 *fill*         0x000000000800366a        0x2 
 .text.I2SEx_TxISR_I2SExt
                0x000000000800366c       0x98 Drivers/STM32F4xx_HAL_Driver/Src/stm32f4xx_hal_i2s_ex.o
 .text.I2SEx_RxISR_I2S
                0x0000000008003704       0x64 Drivers/STM32F4xx_HAL_Driver/Src/stm32f4xx_hal_i2s_ex.o
 .text.I2SEx_RxISR_I2SExt
                0x0000000008003768       0x98 Drivers/STM32F4xx_HAL_Driver/Src/stm32f4xx_hal_i2s_ex.o
 .text.HAL_RCC_OscConfig
                0x0000000008003800      0x484 Drivers/STM32F4xx_HAL_Driver/Src/stm32f4xx_hal_rcc.o
                0x0000000008003800                HAL_RCC_OscConfig
 .text.HAL_RCC_ClockConfig
                0x0000000008003c84      0x1c4 Drivers/STM32F4xx_HAL_Driver/Src/stm32f4xx_hal_rcc.o
                0x0000000008003c84                HAL_RCC_ClockConfig
 .text.HAL_RCC_GetSysClockFreq
                0x0000000008003e48      0x1b0 Drivers/STM32F4xx_HAL_Driver/Src/stm32f4xx_hal_rcc.o
                0x0000000008003e48                HAL_RCC_GetSysClockFreq
 .text.HAL_RCC_GetHCLKFreq
                0x0000000008003ff8       0x18 Drivers/STM32F4xx_HAL_Driver/Src/stm32f4xx_hal_rcc.o
                0x0000000008003ff8                HAL_RCC_GetHCLKFreq
 .text.HAL_RCC_GetPCLK1Freq
                0x0000000008004010       0x28 Drivers/STM32F4xx_HAL_Driver/Src/stm32f4xx_hal_rcc.o
                0x0000000008004010                HAL_RCC_GetPCLK1Freq
 .text.HAL_RCCEx_PeriphCLKConfig
                0x0000000008004038      0x1c4 Drivers/STM32F4xx_HAL_Driver/Src/stm32f4xx_hal_rcc_ex.o
                0x0000000008004038                HAL_RCCEx_PeriphCLKConfig
 .text.HAL_RCCEx_GetPeriphCLKFreq
                0x00000000080041fc       0xb8 Drivers/STM32F4xx_HAL_Driver/Src/stm32f4xx_hal_rcc_ex.o
                0x00000000080041fc                HAL_RCCEx_GetPeriphCLKFreq
 .text.HAL_SPI_Init
                0x00000000080042b4       0xc8 Drivers/STM32F4xx_HAL_Driver/Src/stm32f4xx_hal_spi.o
                0x00000000080042b4                HAL_SPI_Init
 .text.USB_CoreInit
                0x000000000800437c       0xc2 Drivers/STM32F4xx_HAL_Driver/Src/stm32f4xx_ll_usb.o
                0x000000000800437c                USB_CoreInit
 .text.USB_EnableGlobalInt
                0x000000000800443e       0x22 Drivers/STM32F4xx_HAL_Driver/Src/stm32f4xx_ll_usb.o
                0x000000000800443e                USB_EnableGlobalInt
 .text.USB_DisableGlobalInt
                0x0000000008004460       0x22 Drivers/STM32F4xx_HAL_Driver/Src/stm32f4xx_ll_usb.o
                0x0000000008004460                USB_DisableGlobalInt
 .text.USB_SetCurrentMode
                0x0000000008004482       0x54 Drivers/STM32F4xx_HAL_Driver/Src/stm32f4xx_ll_usb.o
                0x0000000008004482                USB_SetCurrentMode
 *fill*         0x00000000080044d6        0x2 
 .text.USB_FlushTxFifo
                0x00000000080044d8       0x4c Drivers/STM32F4xx_HAL_Driver/Src/stm32f4xx_ll_usb.o
                0x00000000080044d8                USB_FlushTxFifo
 .text.USB_FlushRxFifo
                0x0000000008004524       0x44 Drivers/STM32F4xx_HAL_Driver/Src/stm32f4xx_ll_usb.o
                0x0000000008004524                USB_FlushRxFifo
 .text.USB_WritePacket
                0x0000000008004568       0x6a Drivers/STM32F4xx_HAL_Driver/Src/stm32f4xx_ll_usb.o
                0x0000000008004568                USB_WritePacket
 .text.USB_ReadPacket
                0x00000000080045d2       0x52 Drivers/STM32F4xx_HAL_Driver/Src/stm32f4xx_ll_usb.o
                0x00000000080045d2                USB_ReadPacket
 .text.USB_ReadInterrupts
                0x0000000008004624       0x26 Drivers/STM32F4xx_HAL_Driver/Src/stm32f4xx_ll_usb.o
                0x0000000008004624                USB_ReadInterrupts
 .text.USB_GetMode
                0x000000000800464a       0x1c Drivers/STM32F4xx_HAL_Driver/Src/stm32f4xx_ll_usb.o
                0x000000000800464a                USB_GetMode
 *fill*         0x0000000008004666        0x2 
 .text.USB_CoreReset
                0x0000000008004668       0x68 Drivers/STM32F4xx_HAL_Driver/Src/stm32f4xx_ll_usb.o
 .text.USB_HostInit
                0x00000000080046d0      0x178 Drivers/STM32F4xx_HAL_Driver/Src/stm32f4xx_ll_usb.o
                0x00000000080046d0                USB_HostInit
 .text.USB_InitFSLSPClkSel
                0x0000000008004848       0x74 Drivers/STM32F4xx_HAL_Driver/Src/stm32f4xx_ll_usb.o
                0x0000000008004848                USB_InitFSLSPClkSel
 .text.USB_ResetPort
                0x00000000080048bc       0x54 Drivers/STM32F4xx_HAL_Driver/Src/stm32f4xx_ll_usb.o
                0x00000000080048bc                USB_ResetPort
 .text.USB_DriveVbus
                0x0000000008004910       0x72 Drivers/STM32F4xx_HAL_Driver/Src/stm32f4xx_ll_usb.o
                0x0000000008004910                USB_DriveVbus
 .text.USB_GetHostSpeed
                0x0000000008004982       0x2e Drivers/STM32F4xx_HAL_Driver/Src/stm32f4xx_ll_usb.o
                0x0000000008004982                USB_GetHostSpeed
 .text.USB_GetCurrentFrame
                0x00000000080049b0       0x22 Drivers/STM32F4xx_HAL_Driver/Src/stm32f4xx_ll_usb.o
                0x00000000080049b0                USB_GetCurrentFrame
 *fill*         0x00000000080049d2        0x2 
 .text.USB_HC_Init
                0x00000000080049d4      0x214 Drivers/STM32F4xx_HAL_Driver/Src/stm32f4xx_ll_usb.o
                0x00000000080049d4                USB_HC_Init
 .text.USB_HC_StartXfer
                0x0000000008004be8      0x288 Drivers/STM32F4xx_HAL_Driver/Src/stm32f4xx_ll_usb.o
                0x0000000008004be8                USB_HC_StartXfer
 .text.USB_HC_ReadInterrupt
                0x0000000008004e70       0x22 Drivers/STM32F4xx_HAL_Driver/Src/stm32f4xx_ll_usb.o
                0x0000000008004e70                USB_HC_ReadInterrupt
 .text.USB_HC_Halt
                0x0000000008004e92      0x1fe Drivers/STM32F4xx_HAL_Driver/Src/stm32f4xx_ll_usb.o
                0x0000000008004e92                USB_HC_Halt
 .text.USB_DoPing
                0x0000000008005090       0x78 Drivers/STM32F4xx_HAL_Driver/Src/stm32f4xx_ll_usb.o
                0x0000000008005090                USB_DoPing
 .text.USB_StopHost
                0x0000000008005108      0x10c Drivers/STM32F4xx_HAL_Driver/Src/stm32f4xx_ll_usb.o
                0x0000000008005108                USB_StopHost
 .text.USBH_CDC_InterfaceInit
                0x0000000008005214      0x282 Middlewares/ST/STM32_USB_Host_Library/Class/CDC/Src/usbh_cdc.o
 .text.USBH_CDC_InterfaceDeInit
                0x0000000008005496       0xb2 Middlewares/ST/STM32_USB_Host_Library/Class/CDC/Src/usbh_cdc.o
 .text.USBH_CDC_ClassRequest
                0x0000000008005548       0x42 Middlewares/ST/STM32_USB_Host_Library/Class/CDC/Src/usbh_cdc.o
 *fill*         0x000000000800558a        0x2 
 .text.USBH_CDC_Process
                0x000000000800558c      0x12c Middlewares/ST/STM32_USB_Host_Library/Class/CDC/Src/usbh_cdc.o
 .text.USBH_CDC_SOFProcess
                0x00000000080056b8       0x16 Middlewares/ST/STM32_USB_Host_Library/Class/CDC/Src/usbh_cdc.o
 .text.GetLineCoding
                0x00000000080056ce       0x3e Middlewares/ST/STM32_USB_Host_Library/Class/CDC/Src/usbh_cdc.o
 .text.SetLineCoding
                0x000000000800570c       0x3e Middlewares/ST/STM32_USB_Host_Library/Class/CDC/Src/usbh_cdc.o
 .text.CDC_ProcessTransmission
                0x000000000800574a       0xf0 Middlewares/ST/STM32_USB_Host_Library/Class/CDC/Src/usbh_cdc.o
 .text.CDC_ProcessReception
                0x000000000800583a       0xb6 Middlewares/ST/STM32_USB_Host_Library/Class/CDC/Src/usbh_cdc.o
 .text.USBH_CDC_TransmitCallback
                0x00000000080058f0       0x14 Middlewares/ST/STM32_USB_Host_Library/Class/CDC/Src/usbh_cdc.o
                0x00000000080058f0                USBH_CDC_TransmitCallback
 .text.USBH_CDC_ReceiveCallback
                0x0000000008005904       0x14 Middlewares/ST/STM32_USB_Host_Library/Class/CDC/Src/usbh_cdc.o
                0x0000000008005904                USBH_CDC_ReceiveCallback
 .text.USBH_CDC_LineCodingChanged
                0x0000000008005918       0x14 Middlewares/ST/STM32_USB_Host_Library/Class/CDC/Src/usbh_cdc.o
                0x0000000008005918                USBH_CDC_LineCodingChanged
 .text.USBH_Init
                0x000000000800592c       0x54 Middlewares/ST/STM32_USB_Host_Library/Core/Src/usbh_core.o
                0x000000000800592c                USBH_Init
 .text.DeInitStateMachine
                0x0000000008005980       0x92 Middlewares/ST/STM32_USB_Host_Library/Core/Src/usbh_core.o
 .text.USBH_RegisterClass
                0x0000000008005a12       0x56 Middlewares/ST/STM32_USB_Host_Library/Core/Src/usbh_core.o
                0x0000000008005a12                USBH_RegisterClass
 .text.USBH_SelectInterface
                0x0000000008005a68       0x38 Middlewares/ST/STM32_USB_Host_Library/Core/Src/usbh_core.o
                0x0000000008005a68                USBH_SelectInterface
 .text.USBH_FindInterface
                0x0000000008005aa0       0x8c Middlewares/ST/STM32_USB_Host_Library/Core/Src/usbh_core.o
                0x0000000008005aa0                USBH_FindInterface
 .text.USBH_Start
                0x0000000008005b2c       0x20 Middlewares/ST/STM32_USB_Host_Library/Core/Src/usbh_core.o
                0x0000000008005b2c                USBH_Start
 .text.USBH_Process
                0x0000000008005b4c      0x310 Middlewares/ST/STM32_USB_Host_Library/Core/Src/usbh_core.o
                0x0000000008005b4c                USBH_Process
 .text.USBH_HandleEnum
                0x0000000008005e5c      0x234 Middlewares/ST/STM32_USB_Host_Library/Core/Src/usbh_core.o
 .text.USBH_LL_SetTimer
                0x0000000008006090       0x1e Middlewares/ST/STM32_USB_Host_Library/Core/Src/usbh_core.o
                0x0000000008006090                USBH_LL_SetTimer
 .text.USBH_LL_IncTimer
                0x00000000080060ae       0x24 Middlewares/ST/STM32_USB_Host_Library/Core/Src/usbh_core.o
                0x00000000080060ae                USBH_LL_IncTimer
 .text.USBH_HandleSof
                0x00000000080060d2       0x30 Middlewares/ST/STM32_USB_Host_Library/Core/Src/usbh_core.o
 .text.USBH_LL_PortEnabled
                0x0000000008006102       0x1c Middlewares/ST/STM32_USB_Host_Library/Core/Src/usbh_core.o
                0x0000000008006102                USBH_LL_PortEnabled
 .text.USBH_LL_PortDisabled
                0x000000000800611e       0x1c Middlewares/ST/STM32_USB_Host_Library/Core/Src/usbh_core.o
                0x000000000800611e                USBH_LL_PortDisabled
 .text.USBH_IsPortEnabled
                0x000000000800613a       0x1a Middlewares/ST/STM32_USB_Host_Library/Core/Src/usbh_core.o
                0x000000000800613a                USBH_IsPortEnabled
 .text.USBH_LL_Connect
                0x0000000008006154       0x4c Middlewares/ST/STM32_USB_Host_Library/Core/Src/usbh_core.o
                0x0000000008006154                USBH_LL_Connect
 .text.USBH_LL_Disconnect
                0x00000000080061a0       0x5a Middlewares/ST/STM32_USB_Host_Library/Core/Src/usbh_core.o
                0x00000000080061a0                USBH_LL_Disconnect
 .text.USBH_Get_DevDesc
                0x00000000080061fa       0x50 Middlewares/ST/STM32_USB_Host_Library/Core/Src/usbh_ctlreq.o
                0x00000000080061fa                USBH_Get_DevDesc
 .text.USBH_Get_CfgDesc
                0x000000000800624a       0x48 Middlewares/ST/STM32_USB_Host_Library/Core/Src/usbh_ctlreq.o
                0x000000000800624a                USBH_Get_CfgDesc
 .text.USBH_Get_StringDesc
                0x0000000008006292       0x56 Middlewares/ST/STM32_USB_Host_Library/Core/Src/usbh_ctlreq.o
                0x0000000008006292                USBH_Get_StringDesc
 .text.USBH_GetDescriptor
                0x00000000080062e8       0x6a Middlewares/ST/STM32_USB_Host_Library/Core/Src/usbh_ctlreq.o
                0x00000000080062e8                USBH_GetDescriptor
 .text.USBH_SetAddress
                0x0000000008006352       0x48 Middlewares/ST/STM32_USB_Host_Library/Core/Src/usbh_ctlreq.o
                0x0000000008006352                USBH_SetAddress
 .text.USBH_SetCfg
                0x000000000800639a       0x46 Middlewares/ST/STM32_USB_Host_Library/Core/Src/usbh_ctlreq.o
                0x000000000800639a                USBH_SetCfg
 .text.USBH_SetFeature
                0x00000000080063e0       0x48 Middlewares/ST/STM32_USB_Host_Library/Core/Src/usbh_ctlreq.o
                0x00000000080063e0                USBH_SetFeature
 .text.USBH_ClrFeature
                0x0000000008006428       0x48 Middlewares/ST/STM32_USB_Host_Library/Core/Src/usbh_ctlreq.o
                0x0000000008006428                USBH_ClrFeature
 .text.USBH_ParseDevDesc
                0x0000000008006470       0xe0 Middlewares/ST/STM32_USB_Host_Library/Core/Src/usbh_ctlreq.o
 .text.USBH_ParseCfgDesc
                0x0000000008006550      0x144 Middlewares/ST/STM32_USB_Host_Library/Core/Src/usbh_ctlreq.o
 .text.USBH_ParseInterfaceDesc
                0x0000000008006694       0x5e Middlewares/ST/STM32_USB_Host_Library/Core/Src/usbh_ctlreq.o
 .text.USBH_ParseEPDesc
                0x00000000080066f2       0x5a Middlewares/ST/STM32_USB_Host_Library/Core/Src/usbh_ctlreq.o
 .text.USBH_ParseStringDesc
                0x000000000800674c       0x66 Middlewares/ST/STM32_USB_Host_Library/Core/Src/usbh_ctlreq.o
 .text.USBH_GetNextDesc
                0x00000000080067b2       0x36 Middlewares/ST/STM32_USB_Host_Library/Core/Src/usbh_ctlreq.o
                0x00000000080067b2                USBH_GetNextDesc
 .text.USBH_CtlReq
                0x00000000080067e8       0x94 Middlewares/ST/STM32_USB_Host_Library/Core/Src/usbh_ctlreq.o
                0x00000000080067e8                USBH_CtlReq
 .text.USBH_HandleControl
                0x000000000800687c      0x2d4 Middlewares/ST/STM32_USB_Host_Library/Core/Src/usbh_ctlreq.o
 .text.USBH_CtlSendSetup
                0x0000000008006b50       0x34 Middlewares/ST/STM32_USB_Host_Library/Core/Src/usbh_ioreq.o
                0x0000000008006b50                USBH_CtlSendSetup
 .text.USBH_CtlSendData
                0x0000000008006b84       0x4a Middlewares/ST/STM32_USB_Host_Library/Core/Src/usbh_ioreq.o
                0x0000000008006b84                USBH_CtlSendData
 .text.USBH_CtlReceiveData
                0x0000000008006bce       0x3c Middlewares/ST/STM32_USB_Host_Library/Core/Src/usbh_ioreq.o
                0x0000000008006bce                USBH_CtlReceiveData
 .text.USBH_BulkSendData
                0x0000000008006c0a       0x4a Middlewares/ST/STM32_USB_Host_Library/Core/Src/usbh_ioreq.o
                0x0000000008006c0a                USBH_BulkSendData
 .text.USBH_BulkReceiveData
                0x0000000008006c54       0x3c Middlewares/ST/STM32_USB_Host_Library/Core/Src/usbh_ioreq.o
                0x0000000008006c54                USBH_BulkReceiveData
 .text.USBH_OpenPipe
                0x0000000008006c90       0x3e Middlewares/ST/STM32_USB_Host_Library/Core/Src/usbh_pipes.o
                0x0000000008006c90                USBH_OpenPipe
 .text.USBH_ClosePipe
                0x0000000008006cce       0x20 Middlewares/ST/STM32_USB_Host_Library/Core/Src/usbh_pipes.o
                0x0000000008006cce                USBH_ClosePipe
 .text.USBH_AllocPipe
                0x0000000008006cee       0x3c Middlewares/ST/STM32_USB_Host_Library/Core/Src/usbh_pipes.o
                0x0000000008006cee                USBH_AllocPipe
 .text.USBH_FreePipe
                0x0000000008006d2a       0x38 Middlewares/ST/STM32_USB_Host_Library/Core/Src/usbh_pipes.o
                0x0000000008006d2a                USBH_FreePipe
 .text.USBH_GetFreePipe
                0x0000000008006d62       0x46 Middlewares/ST/STM32_USB_Host_Library/Core/Src/usbh_pipes.o
 .text.MX_USB_HOST_Init
                0x0000000008006da8       0x4c USB_HOST/App/usb_host.o
                0x0000000008006da8                MX_USB_HOST_Init
 .text.MX_USB_HOST_Process
                0x0000000008006df4       0x14 USB_HOST/App/usb_host.o
                0x0000000008006df4                MX_USB_HOST_Process
 .text.USBH_UserProcess
                0x0000000008006e08       0x5c USB_HOST/App/usb_host.o
 .text.HAL_HCD_MspInit
                0x0000000008006e64       0xc4 USB_HOST/Target/usbh_conf.o
                0x0000000008006e64                HAL_HCD_MspInit
 .text.HAL_HCD_SOF_Callback
                0x0000000008006f28       0x1c USB_HOST/Target/usbh_conf.o
                0x0000000008006f28                HAL_HCD_SOF_Callback
 .text.HAL_HCD_Connect_Callback
                0x0000000008006f44       0x1c USB_HOST/Target/usbh_conf.o
                0x0000000008006f44                HAL_HCD_Connect_Callback
 .text.HAL_HCD_Disconnect_Callback
                0x0000000008006f60       0x1c USB_HOST/Target/usbh_conf.o
                0x0000000008006f60                HAL_HCD_Disconnect_Callback
 .text.HAL_HCD_HC_NotifyURBChange_Callback
                0x0000000008006f7c       0x1c USB_HOST/Target/usbh_conf.o
                0x0000000008006f7c                HAL_HCD_HC_NotifyURBChange_Callback
 .text.HAL_HCD_PortEnabled_Callback
                0x0000000008006f98       0x1c USB_HOST/Target/usbh_conf.o
                0x0000000008006f98                HAL_HCD_PortEnabled_Callback
 .text.HAL_HCD_PortDisabled_Callback
                0x0000000008006fb4       0x1c USB_HOST/Target/usbh_conf.o
                0x0000000008006fb4                HAL_HCD_PortDisabled_Callback
 .text.USBH_LL_Init
                0x0000000008006fd0       0x78 USB_HOST/Target/usbh_conf.o
                0x0000000008006fd0                USBH_LL_Init
 .text.USBH_LL_Start
                0x0000000008007048       0x36 USB_HOST/Target/usbh_conf.o
                0x0000000008007048                USBH_LL_Start
 .text.USBH_LL_Stop
                0x000000000800707e       0x36 USB_HOST/Target/usbh_conf.o
                0x000000000800707e                USBH_LL_Stop
 .text.USBH_LL_GetSpeed
                0x00000000080070b4       0x4a USB_HOST/Target/usbh_conf.o
                0x00000000080070b4                USBH_LL_GetSpeed
 .text.USBH_LL_ResetPort
                0x00000000080070fe       0x36 USB_HOST/Target/usbh_conf.o
                0x00000000080070fe                USBH_LL_ResetPort
 .text.USBH_LL_GetLastXferSize
                0x0000000008007134       0x26 USB_HOST/Target/usbh_conf.o
                0x0000000008007134                USBH_LL_GetLastXferSize
 .text.USBH_LL_OpenPipe
                0x000000000800715a       0x5e USB_HOST/Target/usbh_conf.o
                0x000000000800715a                USBH_LL_OpenPipe
 .text.USBH_LL_ClosePipe
                0x00000000080071b8       0x3e USB_HOST/Target/usbh_conf.o
                0x00000000080071b8                USBH_LL_ClosePipe
 .text.USBH_LL_SubmitURB
                0x00000000080071f6       0x62 USB_HOST/Target/usbh_conf.o
                0x00000000080071f6                USBH_LL_SubmitURB
 .text.USBH_LL_GetURBState
                0x0000000008007258       0x26 USB_HOST/Target/usbh_conf.o
                0x0000000008007258                USBH_LL_GetURBState
 .text.USBH_LL_DriverVBUS
                0x000000000800727e       0x2e USB_HOST/Target/usbh_conf.o
                0x000000000800727e                USBH_LL_DriverVBUS
 .text.USBH_LL_SetToggle
                0x00000000080072ac       0x66 USB_HOST/Target/usbh_conf.o
                0x00000000080072ac                USBH_LL_SetToggle
 .text.USBH_Delay
                0x0000000008007312       0x16 USB_HOST/Target/usbh_conf.o
                0x0000000008007312                USBH_Delay
 .text.USBH_Get_USB_Status
                0x0000000008007328       0x58 USB_HOST/Target/usbh_conf.o
                0x0000000008007328                USBH_Get_USB_Status
 .text.MX_DriverVbusFS
                0x0000000008007380       0x38 USB_HOST/Target/usbh_platform.o
                0x0000000008007380                MX_DriverVbusFS
 .text.__errno  0x00000000080073b8        0xc d:/st/stm32cubeide_1.0.2/stm32cubeide/plugins/com.st.stm32cube.ide.mcu.externaltools.gnu-tools-for-stm32.7-2018-q2-update.win32_1.0.0.201904181610/tools/bin/../lib/gcc/arm-none-eabi/7.3.1/../../../../arm-none-eabi/lib/thumb/v7e-m/fpv4-sp/hard\libc_nano.a(lib_a-errno.o)
                0x00000000080073b8                __errno
 .text.__libc_init_array
                0x00000000080073c4       0x48 d:/st/stm32cubeide_1.0.2/stm32cubeide/plugins/com.st.stm32cube.ide.mcu.externaltools.gnu-tools-for-stm32.7-2018-q2-update.win32_1.0.0.201904181610/tools/bin/../lib/gcc/arm-none-eabi/7.3.1/../../../../arm-none-eabi/lib/thumb/v7e-m/fpv4-sp/hard\libc_nano.a(lib_a-init.o)
                0x00000000080073c4                __libc_init_array
 .text.malloc   0x000000000800740c       0x10 d:/st/stm32cubeide_1.0.2/stm32cubeide/plugins/com.st.stm32cube.ide.mcu.externaltools.gnu-tools-for-stm32.7-2018-q2-update.win32_1.0.0.201904181610/tools/bin/../lib/gcc/arm-none-eabi/7.3.1/../../../../arm-none-eabi/lib/thumb/v7e-m/fpv4-sp/hard\libc_nano.a(lib_a-malloc.o)
                0x000000000800740c                malloc
 .text.free     0x000000000800741c       0x10 d:/st/stm32cubeide_1.0.2/stm32cubeide/plugins/com.st.stm32cube.ide.mcu.externaltools.gnu-tools-for-stm32.7-2018-q2-update.win32_1.0.0.201904181610/tools/bin/../lib/gcc/arm-none-eabi/7.3.1/../../../../arm-none-eabi/lib/thumb/v7e-m/fpv4-sp/hard\libc_nano.a(lib_a-malloc.o)
                0x000000000800741c                free
 .text.memset   0x000000000800742c       0x10 d:/st/stm32cubeide_1.0.2/stm32cubeide/plugins/com.st.stm32cube.ide.mcu.externaltools.gnu-tools-for-stm32.7-2018-q2-update.win32_1.0.0.201904181610/tools/bin/../lib/gcc/arm-none-eabi/7.3.1/../../../../arm-none-eabi/lib/thumb/v7e-m/fpv4-sp/hard\libc_nano.a(lib_a-memset.o)
                0x000000000800742c                memset
 .text._free_r  0x000000000800743c       0x9c d:/st/stm32cubeide_1.0.2/stm32cubeide/plugins/com.st.stm32cube.ide.mcu.externaltools.gnu-tools-for-stm32.7-2018-q2-update.win32_1.0.0.201904181610/tools/bin/../lib/gcc/arm-none-eabi/7.3.1/../../../../arm-none-eabi/lib/thumb/v7e-m/fpv4-sp/hard\libc_nano.a(lib_a-nano-freer.o)
                0x000000000800743c                _free_r
 .text._malloc_r
                0x00000000080074d8       0xb4 d:/st/stm32cubeide_1.0.2/stm32cubeide/plugins/com.st.stm32cube.ide.mcu.externaltools.gnu-tools-for-stm32.7-2018-q2-update.win32_1.0.0.201904181610/tools/bin/../lib/gcc/arm-none-eabi/7.3.1/../../../../arm-none-eabi/lib/thumb/v7e-m/fpv4-sp/hard\libc_nano.a(lib_a-nano-mallocr.o)
                0x00000000080074d8                _malloc_r
 .text._sbrk_r  0x000000000800758c       0x20 d:/st/stm32cubeide_1.0.2/stm32cubeide/plugins/com.st.stm32cube.ide.mcu.externaltools.gnu-tools-for-stm32.7-2018-q2-update.win32_1.0.0.201904181610/tools/bin/../lib/gcc/arm-none-eabi/7.3.1/../../../../arm-none-eabi/lib/thumb/v7e-m/fpv4-sp/hard\libc_nano.a(lib_a-sbrkr.o)
                0x000000000800758c                _sbrk_r
 .text.__malloc_lock
                0x00000000080075ac        0x2 d:/st/stm32cubeide_1.0.2/stm32cubeide/plugins/com.st.stm32cube.ide.mcu.externaltools.gnu-tools-for-stm32.7-2018-q2-update.win32_1.0.0.201904181610/tools/bin/../lib/gcc/arm-none-eabi/7.3.1/../../../../arm-none-eabi/lib/thumb/v7e-m/fpv4-sp/hard\libc_nano.a(lib_a-mlock.o)
                0x00000000080075ac                __malloc_lock
 .text.__malloc_unlock
                0x00000000080075ae        0x2 d:/st/stm32cubeide_1.0.2/stm32cubeide/plugins/com.st.stm32cube.ide.mcu.externaltools.gnu-tools-for-stm32.7-2018-q2-update.win32_1.0.0.201904181610/tools/bin/../lib/gcc/arm-none-eabi/7.3.1/../../../../arm-none-eabi/lib/thumb/v7e-m/fpv4-sp/hard\libc_nano.a(lib_a-mlock.o)
                0x00000000080075ae                __malloc_unlock
 *(.glue_7)
 .glue_7        0x00000000080075b0        0x0 linker stubs
 *(.glue_7t)
 .glue_7t       0x00000000080075b0        0x0 linker stubs
 *(.eh_frame)
 .eh_frame      0x00000000080075b0        0x0 d:/st/stm32cubeide_1.0.2/stm32cubeide/plugins/com.st.stm32cube.ide.mcu.externaltools.gnu-tools-for-stm32.7-2018-q2-update.win32_1.0.0.201904181610/tools/bin/../lib/gcc/arm-none-eabi/7.3.1/thumb/v7e-m/fpv4-sp/hard/crtbegin.o
 *(.init)
 .init          0x00000000080075b0        0x4 d:/st/stm32cubeide_1.0.2/stm32cubeide/plugins/com.st.stm32cube.ide.mcu.externaltools.gnu-tools-for-stm32.7-2018-q2-update.win32_1.0.0.201904181610/tools/bin/../lib/gcc/arm-none-eabi/7.3.1/thumb/v7e-m/fpv4-sp/hard/crti.o
                0x00000000080075b0                _init
 .init          0x00000000080075b4        0x8 d:/st/stm32cubeide_1.0.2/stm32cubeide/plugins/com.st.stm32cube.ide.mcu.externaltools.gnu-tools-for-stm32.7-2018-q2-update.win32_1.0.0.201904181610/tools/bin/../lib/gcc/arm-none-eabi/7.3.1/thumb/v7e-m/fpv4-sp/hard/crtn.o
 *(.fini)
 .fini          0x00000000080075bc        0x4 d:/st/stm32cubeide_1.0.2/stm32cubeide/plugins/com.st.stm32cube.ide.mcu.externaltools.gnu-tools-for-stm32.7-2018-q2-update.win32_1.0.0.201904181610/tools/bin/../lib/gcc/arm-none-eabi/7.3.1/thumb/v7e-m/fpv4-sp/hard/crti.o
                0x00000000080075bc                _fini
 .fini          0x00000000080075c0        0x8 d:/st/stm32cubeide_1.0.2/stm32cubeide/plugins/com.st.stm32cube.ide.mcu.externaltools.gnu-tools-for-stm32.7-2018-q2-update.win32_1.0.0.201904181610/tools/bin/../lib/gcc/arm-none-eabi/7.3.1/thumb/v7e-m/fpv4-sp/hard/crtn.o
                0x00000000080075c8                . = ALIGN (0x4)
                0x00000000080075c8                _etext = .

.vfp11_veneer   0x00000000080075c8        0x0
 .vfp11_veneer  0x00000000080075c8        0x0 linker stubs

.v4_bx          0x00000000080075c8        0x0
 .v4_bx         0x00000000080075c8        0x0 linker stubs

.iplt           0x00000000080075c8        0x0
 .iplt          0x00000000080075c8        0x0 d:/st/stm32cubeide_1.0.2/stm32cubeide/plugins/com.st.stm32cube.ide.mcu.externaltools.gnu-tools-for-stm32.7-2018-q2-update.win32_1.0.0.201904181610/tools/bin/../lib/gcc/arm-none-eabi/7.3.1/thumb/v7e-m/fpv4-sp/hard/crtbegin.o

.rodata         0x00000000080075c8       0x1c
                0x00000000080075c8                . = ALIGN (0x4)
 *(.rodata)
 .rodata        0x00000000080075c8        0x4 Middlewares/ST/STM32_USB_Host_Library/Class/CDC/Src/usbh_cdc.o
 *(.rodata*)
 .rodata.AHBPrescTable
                0x00000000080075cc       0x10 Core/Src/system_stm32f4xx.o
                0x00000000080075cc                AHBPrescTable
 .rodata.APBPrescTable
                0x00000000080075dc        0x8 Core/Src/system_stm32f4xx.o
                0x00000000080075dc                APBPrescTable
                0x00000000080075e4                . = ALIGN (0x4)

.ARM.extab      0x00000000080075e4        0x0
                0x00000000080075e4                . = ALIGN (0x4)
 *(.ARM.extab* .gnu.linkonce.armextab.*)
                0x00000000080075e4                . = ALIGN (0x4)

.ARM            0x00000000080075e4        0x8
                0x00000000080075e4                . = ALIGN (0x4)
                0x00000000080075e4                __exidx_start = .
 *(.ARM.exidx*)
 .ARM.exidx     0x00000000080075e4        0x8 d:/st/stm32cubeide_1.0.2/stm32cubeide/plugins/com.st.stm32cube.ide.mcu.externaltools.gnu-tools-for-stm32.7-2018-q2-update.win32_1.0.0.201904181610/tools/bin/../lib/gcc/arm-none-eabi/7.3.1/thumb/v7e-m/fpv4-sp/hard\libgcc.a(_udivmoddi4.o)
                0x00000000080075ec                __exidx_end = .
                0x00000000080075ec                . = ALIGN (0x4)

.rel.dyn        0x00000000080075ec        0x0
 .rel.iplt      0x00000000080075ec        0x0 d:/st/stm32cubeide_1.0.2/stm32cubeide/plugins/com.st.stm32cube.ide.mcu.externaltools.gnu-tools-for-stm32.7-2018-q2-update.win32_1.0.0.201904181610/tools/bin/../lib/gcc/arm-none-eabi/7.3.1/thumb/v7e-m/fpv4-sp/hard/crtbegin.o

.preinit_array  0x00000000080075ec        0x0
                0x00000000080075ec                . = ALIGN (0x4)
                0x00000000080075ec                PROVIDE (__preinit_array_start = .)
 *(.preinit_array*)
                0x00000000080075ec                PROVIDE (__preinit_array_end = .)
                0x00000000080075ec                . = ALIGN (0x4)

.init_array     0x00000000080075ec        0x4
                0x00000000080075ec                . = ALIGN (0x4)
                0x00000000080075ec                PROVIDE (__init_array_start = .)
 *(SORT_BY_NAME(.init_array.*))
 *(.init_array*)
 .init_array    0x00000000080075ec        0x4 d:/st/stm32cubeide_1.0.2/stm32cubeide/plugins/com.st.stm32cube.ide.mcu.externaltools.gnu-tools-for-stm32.7-2018-q2-update.win32_1.0.0.201904181610/tools/bin/../lib/gcc/arm-none-eabi/7.3.1/thumb/v7e-m/fpv4-sp/hard/crtbegin.o
                0x00000000080075f0                PROVIDE (__init_array_end = .)
                0x00000000080075f0                . = ALIGN (0x4)

.fini_array     0x00000000080075f0        0x4
                0x00000000080075f0                . = ALIGN (0x4)
                [!provide]                        PROVIDE (__fini_array_start = .)
 *(SORT_BY_NAME(.fini_array.*))
 *(.fini_array*)
 .fini_array    0x00000000080075f0        0x4 d:/st/stm32cubeide_1.0.2/stm32cubeide/plugins/com.st.stm32cube.ide.mcu.externaltools.gnu-tools-for-stm32.7-2018-q2-update.win32_1.0.0.201904181610/tools/bin/../lib/gcc/arm-none-eabi/7.3.1/thumb/v7e-m/fpv4-sp/hard/crtbegin.o
                [!provide]                        PROVIDE (__fini_array_end = .)
                0x00000000080075f4                . = ALIGN (0x4)
                0x00000000080075f4                _sidata = LOADADDR (.data)

.data           0x0000000020000000       0x90 load address 0x00000000080075f4
                0x0000000020000000                . = ALIGN (0x4)
                0x0000000020000000                _sdata = .
 *(.data)
 *(.data*)
 .data.SystemCoreClock
                0x0000000020000000        0x4 Core/Src/system_stm32f4xx.o
                0x0000000020000000                SystemCoreClock
 .data.uwTickPrio
                0x0000000020000004        0x4 Drivers/STM32F4xx_HAL_Driver/Src/stm32f4xx_hal.o
                0x0000000020000004                uwTickPrio
 .data.uwTickFreq
                0x0000000020000008        0x1 Drivers/STM32F4xx_HAL_Driver/Src/stm32f4xx_hal.o
                0x0000000020000008                uwTickFreq
 *fill*         0x0000000020000009        0x3 
 .data.CDC_Class
                0x000000002000000c       0x20 Middlewares/ST/STM32_USB_Host_Library/Class/CDC/Src/usbh_cdc.o
                0x000000002000000c                CDC_Class
 .data._impure_ptr
                0x000000002000002c        0x4 d:/st/stm32cubeide_1.0.2/stm32cubeide/plugins/com.st.stm32cube.ide.mcu.externaltools.gnu-tools-for-stm32.7-2018-q2-update.win32_1.0.0.201904181610/tools/bin/../lib/gcc/arm-none-eabi/7.3.1/../../../../arm-none-eabi/lib/thumb/v7e-m/fpv4-sp/hard\libc_nano.a(lib_a-impure.o)
                0x000000002000002c                _impure_ptr
 .data.impure_data
                0x0000000020000030       0x60 d:/st/stm32cubeide_1.0.2/stm32cubeide/plugins/com.st.stm32cube.ide.mcu.externaltools.gnu-tools-for-stm32.7-2018-q2-update.win32_1.0.0.201904181610/tools/bin/../lib/gcc/arm-none-eabi/7.3.1/../../../../arm-none-eabi/lib/thumb/v7e-m/fpv4-sp/hard\libc_nano.a(lib_a-impure.o)
                0x0000000020000090                . = ALIGN (0x4)
                0x0000000020000090                _edata = .

.igot.plt       0x0000000020000090        0x0 load address 0x0000000008007684
 .igot.plt      0x0000000020000090        0x0 d:/st/stm32cubeide_1.0.2/stm32cubeide/plugins/com.st.stm32cube.ide.mcu.externaltools.gnu-tools-for-stm32.7-2018-q2-update.win32_1.0.0.201904181610/tools/bin/../lib/gcc/arm-none-eabi/7.3.1/thumb/v7e-m/fpv4-sp/hard/crtbegin.o
                0x0000000020000090                . = ALIGN (0x4)

.bss            0x0000000020000090      0x7bc load address 0x0000000008007684
                0x0000000020000090                _sbss = .
                0x0000000020000090                __bss_start__ = _sbss
 *(.bss)
 .bss           0x0000000020000090       0x1c d:/st/stm32cubeide_1.0.2/stm32cubeide/plugins/com.st.stm32cube.ide.mcu.externaltools.gnu-tools-for-stm32.7-2018-q2-update.win32_1.0.0.201904181610/tools/bin/../lib/gcc/arm-none-eabi/7.3.1/thumb/v7e-m/fpv4-sp/hard/crtbegin.o
 *(.bss*)
 .bss.heap_end.6424
                0x00000000200000ac        0x4 Core/Src/sysmem.o
 .bss.tmpreg.8435
                0x00000000200000b0        0x4 Drivers/STM32F4xx_HAL_Driver/Src/stm32f4xx_ll_usb.o
 .bss.Appli_state
                0x00000000200000b4        0x1 USB_HOST/App/usb_host.o
                0x00000000200000b4                Appli_state
 *fill*         0x00000000200000b5        0x3 
 .bss.__malloc_free_list
                0x00000000200000b8        0x4 d:/st/stm32cubeide_1.0.2/stm32cubeide/plugins/com.st.stm32cube.ide.mcu.externaltools.gnu-tools-for-stm32.7-2018-q2-update.win32_1.0.0.201904181610/tools/bin/../lib/gcc/arm-none-eabi/7.3.1/../../../../arm-none-eabi/lib/thumb/v7e-m/fpv4-sp/hard\libc_nano.a(lib_a-nano-mallocr.o)
                0x00000000200000b8                __malloc_free_list
 .bss.__malloc_sbrk_start
                0x00000000200000bc        0x4 d:/st/stm32cubeide_1.0.2/stm32cubeide/plugins/com.st.stm32cube.ide.mcu.externaltools.gnu-tools-for-stm32.7-2018-q2-update.win32_1.0.0.201904181610/tools/bin/../lib/gcc/arm-none-eabi/7.3.1/../../../../arm-none-eabi/lib/thumb/v7e-m/fpv4-sp/hard\libc_nano.a(lib_a-nano-mallocr.o)
                0x00000000200000bc                __malloc_sbrk_start
 *(COMMON)
 COMMON         0x00000000200000c0       0xf4 Core/Src/main.o
                0x00000000200000c0                hi2c1
                0x0000000020000114                hspi1
                0x000000002000016c                hi2s3
 COMMON         0x00000000200001b4        0x4 Drivers/STM32F4xx_HAL_Driver/Src/stm32f4xx_hal.o
                0x00000000200001b4                uwTick
 COMMON         0x00000000200001b8      0x3cc USB_HOST/App/usb_host.o
                0x00000000200001b8                hUsbHostFS
 COMMON         0x0000000020000584      0x2c4 USB_HOST/Target/usbh_conf.o
                0x0000000020000584                hhcd_USB_OTG_FS
 COMMON         0x0000000020000848        0x4 d:/st/stm32cubeide_1.0.2/stm32cubeide/plugins/com.st.stm32cube.ide.mcu.externaltools.gnu-tools-for-stm32.7-2018-q2-update.win32_1.0.0.201904181610/tools/bin/../lib/gcc/arm-none-eabi/7.3.1/../../../../arm-none-eabi/lib/thumb/v7e-m/fpv4-sp/hard\libc_nano.a(lib_a-reent.o)
                0x0000000020000848                errno
                0x000000002000084c                . = ALIGN (0x4)
                0x000000002000084c                _ebss = .
                0x000000002000084c                __bss_end__ = _ebss

._user_heap_stack
                0x000000002000084c      0x604 load address 0x0000000008007684
                0x0000000020000850                . = ALIGN (0x8)
 *fill*         0x000000002000084c        0x4 
                0x0000000020000850                PROVIDE (end = .)
                [!provide]                        PROVIDE (_end = .)
                0x0000000020000a50                . = (. + _Min_Heap_Size)
 *fill*         0x0000000020000850      0x200 
                0x0000000020000e50                . = (. + _Min_Stack_Size)
 *fill*         0x0000000020000a50      0x400 
                0x0000000020000e50                . = ALIGN (0x8)

/DISCARD/
 libc.a(*)
 libm.a(*)
 libgcc.a(*)

.ARM.attributes
                0x0000000000000000       0x30
 *(.ARM.attributes)
 .ARM.attributes
                0x0000000000000000       0x22 d:/st/stm32cubeide_1.0.2/stm32cubeide/plugins/com.st.stm32cube.ide.mcu.externaltools.gnu-tools-for-stm32.7-2018-q2-update.win32_1.0.0.201904181610/tools/bin/../lib/gcc/arm-none-eabi/7.3.1/thumb/v7e-m/fpv4-sp/hard/crti.o
 .ARM.attributes
                0x0000000000000022       0x34 d:/st/stm32cubeide_1.0.2/stm32cubeide/plugins/com.st.stm32cube.ide.mcu.externaltools.gnu-tools-for-stm32.7-2018-q2-update.win32_1.0.0.201904181610/tools/bin/../lib/gcc/arm-none-eabi/7.3.1/thumb/v7e-m/fpv4-sp/hard/crtbegin.o
 .ARM.attributes
                0x0000000000000056       0x39 Core/Src/main.o
 .ARM.attributes
                0x000000000000008f       0x39 Core/Src/stm32f4xx_hal_msp.o
 .ARM.attributes
                0x00000000000000c8       0x39 Core/Src/stm32f4xx_it.o
 .ARM.attributes
                0x0000000000000101       0x39 Core/Src/sysmem.o
 .ARM.attributes
                0x000000000000013a       0x39 Core/Src/system_stm32f4xx.o
 .ARM.attributes
                0x0000000000000173       0x21 Core/Startup/startup_stm32f407vgtx.o
 .ARM.attributes
                0x0000000000000194       0x39 Drivers/STM32F4xx_HAL_Driver/Src/stm32f4xx_hal.o
 .ARM.attributes
                0x00000000000001cd       0x39 Drivers/STM32F4xx_HAL_Driver/Src/stm32f4xx_hal_cortex.o
 .ARM.attributes
                0x0000000000000206       0x39 Drivers/STM32F4xx_HAL_Driver/Src/stm32f4xx_hal_gpio.o
 .ARM.attributes
                0x000000000000023f       0x39 Drivers/STM32F4xx_HAL_Driver/Src/stm32f4xx_hal_hcd.o
 .ARM.attributes
                0x0000000000000278       0x39 Drivers/STM32F4xx_HAL_Driver/Src/stm32f4xx_hal_i2c.o
 .ARM.attributes
                0x00000000000002b1       0x39 Drivers/STM32F4xx_HAL_Driver/Src/stm32f4xx_hal_i2s.o
 .ARM.attributes
                0x00000000000002ea       0x39 Drivers/STM32F4xx_HAL_Driver/Src/stm32f4xx_hal_i2s_ex.o
 .ARM.attributes
                0x0000000000000323       0x39 Drivers/STM32F4xx_HAL_Driver/Src/stm32f4xx_hal_rcc.o
 .ARM.attributes
                0x000000000000035c       0x39 Drivers/STM32F4xx_HAL_Driver/Src/stm32f4xx_hal_rcc_ex.o
 .ARM.attributes
                0x0000000000000395       0x39 Drivers/STM32F4xx_HAL_Driver/Src/stm32f4xx_hal_spi.o
 .ARM.attributes
                0x00000000000003ce       0x39 Drivers/STM32F4xx_HAL_Driver/Src/stm32f4xx_ll_usb.o
 .ARM.attributes
                0x0000000000000407       0x39 Middlewares/ST/STM32_USB_Host_Library/Class/CDC/Src/usbh_cdc.o
 .ARM.attributes
                0x0000000000000440       0x39 Middlewares/ST/STM32_USB_Host_Library/Core/Src/usbh_core.o
 .ARM.attributes
                0x0000000000000479       0x39 Middlewares/ST/STM32_USB_Host_Library/Core/Src/usbh_ctlreq.o
 .ARM.attributes
                0x00000000000004b2       0x39 Middlewares/ST/STM32_USB_Host_Library/Core/Src/usbh_ioreq.o
 .ARM.attributes
                0x00000000000004eb       0x39 Middlewares/ST/STM32_USB_Host_Library/Core/Src/usbh_pipes.o
 .ARM.attributes
                0x0000000000000524       0x39 USB_HOST/App/usb_host.o
 .ARM.attributes
                0x000000000000055d       0x39 USB_HOST/Target/usbh_conf.o
 .ARM.attributes
                0x0000000000000596       0x39 USB_HOST/Target/usbh_platform.o
 .ARM.attributes
                0x00000000000005cf       0x34 d:/st/stm32cubeide_1.0.2/stm32cubeide/plugins/com.st.stm32cube.ide.mcu.externaltools.gnu-tools-for-stm32.7-2018-q2-update.win32_1.0.0.201904181610/tools/bin/../lib/gcc/arm-none-eabi/7.3.1/../../../../arm-none-eabi/lib/thumb/v7e-m/fpv4-sp/hard\libc_nano.a(lib_a-errno.o)
 .ARM.attributes
                0x0000000000000603       0x34 d:/st/stm32cubeide_1.0.2/stm32cubeide/plugins/com.st.stm32cube.ide.mcu.externaltools.gnu-tools-for-stm32.7-2018-q2-update.win32_1.0.0.201904181610/tools/bin/../lib/gcc/arm-none-eabi/7.3.1/../../../../arm-none-eabi/lib/thumb/v7e-m/fpv4-sp/hard\libc_nano.a(lib_a-impure.o)
 .ARM.attributes
                0x0000000000000637       0x34 d:/st/stm32cubeide_1.0.2/stm32cubeide/plugins/com.st.stm32cube.ide.mcu.externaltools.gnu-tools-for-stm32.7-2018-q2-update.win32_1.0.0.201904181610/tools/bin/../lib/gcc/arm-none-eabi/7.3.1/../../../../arm-none-eabi/lib/thumb/v7e-m/fpv4-sp/hard\libc_nano.a(lib_a-init.o)
 .ARM.attributes
                0x000000000000066b       0x34 d:/st/stm32cubeide_1.0.2/stm32cubeide/plugins/com.st.stm32cube.ide.mcu.externaltools.gnu-tools-for-stm32.7-2018-q2-update.win32_1.0.0.201904181610/tools/bin/../lib/gcc/arm-none-eabi/7.3.1/../../../../arm-none-eabi/lib/thumb/v7e-m/fpv4-sp/hard\libc_nano.a(lib_a-malloc.o)
 .ARM.attributes
                0x000000000000069f       0x34 d:/st/stm32cubeide_1.0.2/stm32cubeide/plugins/com.st.stm32cube.ide.mcu.externaltools.gnu-tools-for-stm32.7-2018-q2-update.win32_1.0.0.201904181610/tools/bin/../lib/gcc/arm-none-eabi/7.3.1/../../../../arm-none-eabi/lib/thumb/v7e-m/fpv4-sp/hard\libc_nano.a(lib_a-memset.o)
 .ARM.attributes
                0x00000000000006d3       0x34 d:/st/stm32cubeide_1.0.2/stm32cubeide/plugins/com.st.stm32cube.ide.mcu.externaltools.gnu-tools-for-stm32.7-2018-q2-update.win32_1.0.0.201904181610/tools/bin/../lib/gcc/arm-none-eabi/7.3.1/../../../../arm-none-eabi/lib/thumb/v7e-m/fpv4-sp/hard\libc_nano.a(lib_a-nano-freer.o)
 .ARM.attributes
                0x0000000000000707       0x34 d:/st/stm32cubeide_1.0.2/stm32cubeide/plugins/com.st.stm32cube.ide.mcu.externaltools.gnu-tools-for-stm32.7-2018-q2-update.win32_1.0.0.201904181610/tools/bin/../lib/gcc/arm-none-eabi/7.3.1/../../../../arm-none-eabi/lib/thumb/v7e-m/fpv4-sp/hard\libc_nano.a(lib_a-nano-mallocr.o)
 .ARM.attributes
                0x000000000000073b       0x34 d:/st/stm32cubeide_1.0.2/stm32cubeide/plugins/com.st.stm32cube.ide.mcu.externaltools.gnu-tools-for-stm32.7-2018-q2-update.win32_1.0.0.201904181610/tools/bin/../lib/gcc/arm-none-eabi/7.3.1/../../../../arm-none-eabi/lib/thumb/v7e-m/fpv4-sp/hard\libc_nano.a(lib_a-sbrkr.o)
 .ARM.attributes
                0x000000000000076f       0x34 d:/st/stm32cubeide_1.0.2/stm32cubeide/plugins/com.st.stm32cube.ide.mcu.externaltools.gnu-tools-for-stm32.7-2018-q2-update.win32_1.0.0.201904181610/tools/bin/../lib/gcc/arm-none-eabi/7.3.1/../../../../arm-none-eabi/lib/thumb/v7e-m/fpv4-sp/hard\libc_nano.a(lib_a-mlock.o)
 .ARM.attributes
                0x00000000000007a3       0x34 d:/st/stm32cubeide_1.0.2/stm32cubeide/plugins/com.st.stm32cube.ide.mcu.externaltools.gnu-tools-for-stm32.7-2018-q2-update.win32_1.0.0.201904181610/tools/bin/../lib/gcc/arm-none-eabi/7.3.1/../../../../arm-none-eabi/lib/thumb/v7e-m/fpv4-sp/hard\libc_nano.a(lib_a-reent.o)
 .ARM.attributes
                0x00000000000007d7       0x22 d:/st/stm32cubeide_1.0.2/stm32cubeide/plugins/com.st.stm32cube.ide.mcu.externaltools.gnu-tools-for-stm32.7-2018-q2-update.win32_1.0.0.201904181610/tools/bin/../lib/gcc/arm-none-eabi/7.3.1/thumb/v7e-m/fpv4-sp/hard\libgcc.a(_aeabi_uldivmod.o)
 .ARM.attributes
                0x00000000000007f9       0x34 d:/st/stm32cubeide_1.0.2/stm32cubeide/plugins/com.st.stm32cube.ide.mcu.externaltools.gnu-tools-for-stm32.7-2018-q2-update.win32_1.0.0.201904181610/tools/bin/../lib/gcc/arm-none-eabi/7.3.1/thumb/v7e-m/fpv4-sp/hard\libgcc.a(_udivmoddi4.o)
 .ARM.attributes
                0x000000000000082d       0x22 d:/st/stm32cubeide_1.0.2/stm32cubeide/plugins/com.st.stm32cube.ide.mcu.externaltools.gnu-tools-for-stm32.7-2018-q2-update.win32_1.0.0.201904181610/tools/bin/../lib/gcc/arm-none-eabi/7.3.1/thumb/v7e-m/fpv4-sp/hard\libgcc.a(_dvmd_tls.o)
 .ARM.attributes
                0x000000000000084f       0x22 d:/st/stm32cubeide_1.0.2/stm32cubeide/plugins/com.st.stm32cube.ide.mcu.externaltools.gnu-tools-for-stm32.7-2018-q2-update.win32_1.0.0.201904181610/tools/bin/../lib/gcc/arm-none-eabi/7.3.1/thumb/v7e-m/fpv4-sp/hard/crtn.o
OUTPUT(embeddedschool-2019.elf elf32-littlearm)

.debug_info     0x0000000000000000    0x17b9e
 .debug_info    0x0000000000000000     0x106d Core/Src/main.o
 .debug_info    0x000000000000106d      0xebc Core/Src/stm32f4xx_hal_msp.o
 .debug_info    0x0000000000001f29      0x662 Core/Src/stm32f4xx_it.o
 .debug_info    0x000000000000258b      0x91c Core/Src/sysmem.o
 .debug_info    0x0000000000002ea7      0x502 Core/Src/system_stm32f4xx.o
 .debug_info    0x00000000000033a9       0x22 Core/Startup/startup_stm32f407vgtx.o
 .debug_info    0x00000000000033cb      0x921 Drivers/STM32F4xx_HAL_Driver/Src/stm32f4xx_hal.o
 .debug_info    0x0000000000003cec      0xdd6 Drivers/STM32F4xx_HAL_Driver/Src/stm32f4xx_hal_cortex.o
 .debug_info    0x0000000000004ac2      0x763 Drivers/STM32F4xx_HAL_Driver/Src/stm32f4xx_hal_gpio.o
 .debug_info    0x0000000000005225      0xde7 Drivers/STM32F4xx_HAL_Driver/Src/stm32f4xx_hal_hcd.o
 .debug_info    0x000000000000600c     0x231f Drivers/STM32F4xx_HAL_Driver/Src/stm32f4xx_hal_i2c.o
 .debug_info    0x000000000000832b      0xd8d Drivers/STM32F4xx_HAL_Driver/Src/stm32f4xx_hal_i2s.o
 .debug_info    0x00000000000090b8      0xb24 Drivers/STM32F4xx_HAL_Driver/Src/stm32f4xx_hal_i2s_ex.o
 .debug_info    0x0000000000009bdc      0x8a4 Drivers/STM32F4xx_HAL_Driver/Src/stm32f4xx_hal_rcc.o
 .debug_info    0x000000000000a480      0x55c Drivers/STM32F4xx_HAL_Driver/Src/stm32f4xx_hal_rcc_ex.o
 .debug_info    0x000000000000a9dc     0x15e8 Drivers/STM32F4xx_HAL_Driver/Src/stm32f4xx_hal_spi.o
 .debug_info    0x000000000000bfc4     0x188b Drivers/STM32F4xx_HAL_Driver/Src/stm32f4xx_ll_usb.o
 .debug_info    0x000000000000d84f     0x1a39 Middlewares/ST/STM32_USB_Host_Library/Class/CDC/Src/usbh_cdc.o
 .debug_info    0x000000000000f288     0x1609 Middlewares/ST/STM32_USB_Host_Library/Core/Src/usbh_core.o
 .debug_info    0x0000000000010891     0x16d8 Middlewares/ST/STM32_USB_Host_Library/Core/Src/usbh_ctlreq.o
 .debug_info    0x0000000000011f69     0x1445 Middlewares/ST/STM32_USB_Host_Library/Core/Src/usbh_ioreq.o
 .debug_info    0x00000000000133ae     0x1287 Middlewares/ST/STM32_USB_Host_Library/Core/Src/usbh_pipes.o
 .debug_info    0x0000000000014635     0x11db USB_HOST/App/usb_host.o
 .debug_info    0x0000000000015810     0x2166 USB_HOST/Target/usbh_conf.o
 .debug_info    0x0000000000017976      0x228 USB_HOST/Target/usbh_platform.o

.debug_abbrev   0x0000000000000000     0x34f9
 .debug_abbrev  0x0000000000000000      0x1e5 Core/Src/main.o
 .debug_abbrev  0x00000000000001e5      0x1b5 Core/Src/stm32f4xx_hal_msp.o
 .debug_abbrev  0x000000000000039a      0x164 Core/Src/stm32f4xx_it.o
 .debug_abbrev  0x00000000000004fe      0x1bb Core/Src/sysmem.o
 .debug_abbrev  0x00000000000006b9      0x111 Core/Src/system_stm32f4xx.o
 .debug_abbrev  0x00000000000007ca       0x12 Core/Startup/startup_stm32f407vgtx.o
 .debug_abbrev  0x00000000000007dc      0x1cb Drivers/STM32F4xx_HAL_Driver/Src/stm32f4xx_hal.o
 .debug_abbrev  0x00000000000009a7      0x2fa Drivers/STM32F4xx_HAL_Driver/Src/stm32f4xx_hal_cortex.o
 .debug_abbrev  0x0000000000000ca1      0x1c9 Drivers/STM32F4xx_HAL_Driver/Src/stm32f4xx_hal_gpio.o
 .debug_abbrev  0x0000000000000e6a      0x255 Drivers/STM32F4xx_HAL_Driver/Src/stm32f4xx_hal_hcd.o
 .debug_abbrev  0x00000000000010bf      0x254 Drivers/STM32F4xx_HAL_Driver/Src/stm32f4xx_hal_i2c.o
 .debug_abbrev  0x0000000000001313      0x21b Drivers/STM32F4xx_HAL_Driver/Src/stm32f4xx_hal_i2s.o
 .debug_abbrev  0x000000000000152e      0x246 Drivers/STM32F4xx_HAL_Driver/Src/stm32f4xx_hal_i2s_ex.o
 .debug_abbrev  0x0000000000001774      0x245 Drivers/STM32F4xx_HAL_Driver/Src/stm32f4xx_hal_rcc.o
 .debug_abbrev  0x00000000000019b9      0x173 Drivers/STM32F4xx_HAL_Driver/Src/stm32f4xx_hal_rcc_ex.o
 .debug_abbrev  0x0000000000001b2c      0x240 Drivers/STM32F4xx_HAL_Driver/Src/stm32f4xx_hal_spi.o
 .debug_abbrev  0x0000000000001d6c      0x26d Drivers/STM32F4xx_HAL_Driver/Src/stm32f4xx_ll_usb.o
 .debug_abbrev  0x0000000000001fd9      0x308 Middlewares/ST/STM32_USB_Host_Library/Class/CDC/Src/usbh_cdc.o
 .debug_abbrev  0x00000000000022e1      0x351 Middlewares/ST/STM32_USB_Host_Library/Core/Src/usbh_core.o
 .debug_abbrev  0x0000000000002632      0x30a Middlewares/ST/STM32_USB_Host_Library/Core/Src/usbh_ctlreq.o
 .debug_abbrev  0x000000000000293c      0x268 Middlewares/ST/STM32_USB_Host_Library/Core/Src/usbh_ioreq.o
 .debug_abbrev  0x0000000000002ba4      0x2a0 Middlewares/ST/STM32_USB_Host_Library/Core/Src/usbh_pipes.o
 .debug_abbrev  0x0000000000002e44      0x268 USB_HOST/App/usb_host.o
 .debug_abbrev  0x00000000000030ac      0x349 USB_HOST/Target/usbh_conf.o
 .debug_abbrev  0x00000000000033f5      0x104 USB_HOST/Target/usbh_platform.o

.debug_aranges  0x0000000000000000     0x10f0
 .debug_aranges
                0x0000000000000000       0x50 Core/Src/main.o
 .debug_aranges
                0x0000000000000050       0x50 Core/Src/stm32f4xx_hal_msp.o
 .debug_aranges
                0x00000000000000a0       0x68 Core/Src/stm32f4xx_it.o
 .debug_aranges
                0x0000000000000108       0x20 Core/Src/sysmem.o
 .debug_aranges
                0x0000000000000128       0x28 Core/Src/system_stm32f4xx.o
 .debug_aranges
                0x0000000000000150       0x28 Core/Startup/startup_stm32f407vgtx.o
 .debug_aranges
                0x0000000000000178       0xf0 Drivers/STM32F4xx_HAL_Driver/Src/stm32f4xx_hal.o
 .debug_aranges
                0x0000000000000268      0x118 Drivers/STM32F4xx_HAL_Driver/Src/stm32f4xx_hal_cortex.o
 .debug_aranges
                0x0000000000000380       0x58 Drivers/STM32F4xx_HAL_Driver/Src/stm32f4xx_hal_gpio.o
 .debug_aranges
                0x00000000000003d8       0xf0 Drivers/STM32F4xx_HAL_Driver/Src/stm32f4xx_hal_hcd.o
 .debug_aranges
                0x00000000000004c8      0x290 Drivers/STM32F4xx_HAL_Driver/Src/stm32f4xx_hal_i2c.o
 .debug_aranges
                0x0000000000000758      0x108 Drivers/STM32F4xx_HAL_Driver/Src/stm32f4xx_hal_i2s.o
 .debug_aranges
                0x0000000000000860       0x88 Drivers/STM32F4xx_HAL_Driver/Src/stm32f4xx_hal_i2s_ex.o
 .debug_aranges
                0x00000000000008e8       0x88 Drivers/STM32F4xx_HAL_Driver/Src/stm32f4xx_hal_rcc.o
 .debug_aranges
                0x0000000000000970       0x48 Drivers/STM32F4xx_HAL_Driver/Src/stm32f4xx_hal_rcc_ex.o
 .debug_aranges
                0x00000000000009b8      0x1d0 Drivers/STM32F4xx_HAL_Driver/Src/stm32f4xx_hal_spi.o
 .debug_aranges
                0x0000000000000b88      0x198 Drivers/STM32F4xx_HAL_Driver/Src/stm32f4xx_ll_usb.o
 .debug_aranges
                0x0000000000000d20       0xa8 Middlewares/ST/STM32_USB_Host_Library/Class/CDC/Src/usbh_cdc.o
 .debug_aranges
                0x0000000000000dc8       0xc0 Middlewares/ST/STM32_USB_Host_Library/Core/Src/usbh_core.o
 .debug_aranges
                0x0000000000000e88       0xa0 Middlewares/ST/STM32_USB_Host_Library/Core/Src/usbh_ctlreq.o
 .debug_aranges
                0x0000000000000f28       0x60 Middlewares/ST/STM32_USB_Host_Library/Core/Src/usbh_ioreq.o
 .debug_aranges
                0x0000000000000f88       0x40 Middlewares/ST/STM32_USB_Host_Library/Core/Src/usbh_pipes.o
 .debug_aranges
                0x0000000000000fc8       0x30 USB_HOST/App/usb_host.o
 .debug_aranges
                0x0000000000000ff8       0xd8 USB_HOST/Target/usbh_conf.o
 .debug_aranges
                0x00000000000010d0       0x20 USB_HOST/Target/usbh_platform.o

.debug_ranges   0x0000000000000000      0xf88
 .debug_ranges  0x0000000000000000       0x40 Core/Src/main.o
 .debug_ranges  0x0000000000000040       0x40 Core/Src/stm32f4xx_hal_msp.o
 .debug_ranges  0x0000000000000080       0x58 Core/Src/stm32f4xx_it.o
 .debug_ranges  0x00000000000000d8       0x10 Core/Src/sysmem.o
 .debug_ranges  0x00000000000000e8       0x18 Core/Src/system_stm32f4xx.o
 .debug_ranges  0x0000000000000100       0x20 Core/Startup/startup_stm32f407vgtx.o
 .debug_ranges  0x0000000000000120       0xe0 Drivers/STM32F4xx_HAL_Driver/Src/stm32f4xx_hal.o
 .debug_ranges  0x0000000000000200      0x108 Drivers/STM32F4xx_HAL_Driver/Src/stm32f4xx_hal_cortex.o
 .debug_ranges  0x0000000000000308       0x48 Drivers/STM32F4xx_HAL_Driver/Src/stm32f4xx_hal_gpio.o
 .debug_ranges  0x0000000000000350       0xe0 Drivers/STM32F4xx_HAL_Driver/Src/stm32f4xx_hal_hcd.o
 .debug_ranges  0x0000000000000430      0x2a0 Drivers/STM32F4xx_HAL_Driver/Src/stm32f4xx_hal_i2c.o
 .debug_ranges  0x00000000000006d0       0xf8 Drivers/STM32F4xx_HAL_Driver/Src/stm32f4xx_hal_i2s.o
 .debug_ranges  0x00000000000007c8       0x78 Drivers/STM32F4xx_HAL_Driver/Src/stm32f4xx_hal_i2s_ex.o
 .debug_ranges  0x0000000000000840       0x78 Drivers/STM32F4xx_HAL_Driver/Src/stm32f4xx_hal_rcc.o
 .debug_ranges  0x00000000000008b8       0x38 Drivers/STM32F4xx_HAL_Driver/Src/stm32f4xx_hal_rcc_ex.o
 .debug_ranges  0x00000000000008f0      0x1c0 Drivers/STM32F4xx_HAL_Driver/Src/stm32f4xx_hal_spi.o
 .debug_ranges  0x0000000000000ab0      0x188 Drivers/STM32F4xx_HAL_Driver/Src/stm32f4xx_ll_usb.o
 .debug_ranges  0x0000000000000c38       0x98 Middlewares/ST/STM32_USB_Host_Library/Class/CDC/Src/usbh_cdc.o
 .debug_ranges  0x0000000000000cd0       0xb0 Middlewares/ST/STM32_USB_Host_Library/Core/Src/usbh_core.o
 .debug_ranges  0x0000000000000d80       0x90 Middlewares/ST/STM32_USB_Host_Library/Core/Src/usbh_ctlreq.o
 .debug_ranges  0x0000000000000e10       0x50 Middlewares/ST/STM32_USB_Host_Library/Core/Src/usbh_ioreq.o
 .debug_ranges  0x0000000000000e60       0x30 Middlewares/ST/STM32_USB_Host_Library/Core/Src/usbh_pipes.o
 .debug_ranges  0x0000000000000e90       0x20 USB_HOST/App/usb_host.o
 .debug_ranges  0x0000000000000eb0       0xc8 USB_HOST/Target/usbh_conf.o
 .debug_ranges  0x0000000000000f78       0x10 USB_HOST/Target/usbh_platform.o

.debug_macro    0x0000000000000000    0x23760
 .debug_macro   0x0000000000000000      0x21f Core/Src/main.o
 .debug_macro   0x000000000000021f      0xa5a Core/Src/main.o
 .debug_macro   0x0000000000000c79      0x196 Core/Src/main.o
 .debug_macro   0x0000000000000e0f       0x32 Core/Src/main.o
 .debug_macro   0x0000000000000e41       0x2f Core/Src/main.o
 .debug_macro   0x0000000000000e70       0x22 Core/Src/main.o
 .debug_macro   0x0000000000000e92       0x8e Core/Src/main.o
 .debug_macro   0x0000000000000f20       0x51 Core/Src/main.o
 .debug_macro   0x0000000000000f71       0xef Core/Src/main.o
 .debug_macro   0x0000000000001060       0x6a Core/Src/main.o
 .debug_macro   0x00000000000010ca      0x1df Core/Src/main.o
 .debug_macro   0x00000000000012a9       0x1c Core/Src/main.o
 .debug_macro   0x00000000000012c5       0x22 Core/Src/main.o
 .debug_macro   0x00000000000012e7       0xdf Core/Src/main.o
 .debug_macro   0x00000000000013c6     0x102d Core/Src/main.o
 .debug_macro   0x00000000000023f3      0x11f Core/Src/main.o
 .debug_macro   0x0000000000002512    0x15e43 Core/Src/main.o
 .debug_macro   0x0000000000018355       0x43 Core/Src/main.o
 .debug_macro   0x0000000000018398     0x35d4 Core/Src/main.o
 .debug_macro   0x000000000001b96c      0x174 Core/Src/main.o
 .debug_macro   0x000000000001bae0       0x5a Core/Src/main.o
 .debug_macro   0x000000000001bb3a      0x96b Core/Src/main.o
 .debug_macro   0x000000000001c4a5      0x9fe Core/Src/main.o
 .debug_macro   0x000000000001cea3       0xed Core/Src/main.o
 .debug_macro   0x000000000001cf90      0x117 Core/Src/main.o
 .debug_macro   0x000000000001d0a7      0x13e Core/Src/main.o
 .debug_macro   0x000000000001d1e5       0x27 Core/Src/main.o
 .debug_macro   0x000000000001d20c      0x287 Core/Src/main.o
 .debug_macro   0x000000000001d493       0x5f Core/Src/main.o
 .debug_macro   0x000000000001d4f2      0x236 Core/Src/main.o
 .debug_macro   0x000000000001d728      0x12c Core/Src/main.o
 .debug_macro   0x000000000001d854      0x21e Core/Src/main.o
 .debug_macro   0x000000000001da72       0x2e Core/Src/main.o
 .debug_macro   0x000000000001daa0      0x1ae Core/Src/main.o
 .debug_macro   0x000000000001dc4e       0xd6 Core/Src/main.o
 .debug_macro   0x000000000001dd24      0x199 Core/Src/main.o
 .debug_macro   0x000000000001debd       0x40 Core/Src/main.o
 .debug_macro   0x000000000001defd       0x4a Core/Src/main.o
 .debug_macro   0x000000000001df47      0x11a Core/Src/main.o
 .debug_macro   0x000000000001e061       0x7e Core/Src/main.o
 .debug_macro   0x000000000001e0df       0x89 Core/Src/main.o
 .debug_macro   0x000000000001e168      0x225 Core/Src/main.o
 .debug_macro   0x000000000001e38d      0x225 Core/Src/main.o
 .debug_macro   0x000000000001e5b2       0x68 Core/Src/main.o
 .debug_macro   0x000000000001e61a      0x12d Core/Src/main.o
 .debug_macro   0x000000000001e747      0x190 Core/Src/main.o
 .debug_macro   0x000000000001e8d7      0x215 Core/Src/stm32f4xx_hal_msp.o
 .debug_macro   0x000000000001eaec      0x21f Core/Src/stm32f4xx_it.o
 .debug_macro   0x000000000001ed0b      0x1ae Core/Src/sysmem.o
 .debug_macro   0x000000000001eeb9      0x23b Core/Src/sysmem.o
 .debug_macro   0x000000000001f0f4       0x16 Core/Src/sysmem.o
 .debug_macro   0x000000000001f10a      0x20c Core/Src/system_stm32f4xx.o
 .debug_macro   0x000000000001f316      0x266 Drivers/STM32F4xx_HAL_Driver/Src/stm32f4xx_hal.o
 .debug_macro   0x000000000001f57c      0x206 Drivers/STM32F4xx_HAL_Driver/Src/stm32f4xx_hal_cortex.o
 .debug_macro   0x000000000001f782      0x23c Drivers/STM32F4xx_HAL_Driver/Src/stm32f4xx_hal_gpio.o
 .debug_macro   0x000000000001f9be      0x206 Drivers/STM32F4xx_HAL_Driver/Src/stm32f4xx_hal_hcd.o
 .debug_macro   0x000000000001fbc4      0x246 Drivers/STM32F4xx_HAL_Driver/Src/stm32f4xx_hal_i2c.o
 .debug_macro   0x000000000001fe0a      0x207 Drivers/STM32F4xx_HAL_Driver/Src/stm32f4xx_hal_i2s.o
 .debug_macro   0x0000000000020011      0x206 Drivers/STM32F4xx_HAL_Driver/Src/stm32f4xx_hal_i2s_ex.o
 .debug_macro   0x0000000000020217      0x22a Drivers/STM32F4xx_HAL_Driver/Src/stm32f4xx_hal_rcc.o
 .debug_macro   0x0000000000020441      0x206 Drivers/STM32F4xx_HAL_Driver/Src/stm32f4xx_hal_rcc_ex.o
 .debug_macro   0x0000000000020647      0x215 Drivers/STM32F4xx_HAL_Driver/Src/stm32f4xx_hal_spi.o
 .debug_macro   0x000000000002085c      0x206 Drivers/STM32F4xx_HAL_Driver/Src/stm32f4xx_ll_usb.o
 .debug_macro   0x0000000000020a62      0x42b Middlewares/ST/STM32_USB_Host_Library/Class/CDC/Src/usbh_cdc.o
 .debug_macro   0x0000000000020e8d       0x97 Middlewares/ST/STM32_USB_Host_Library/Class/CDC/Src/usbh_cdc.o
 .debug_macro   0x0000000000020f24       0xfd Middlewares/ST/STM32_USB_Host_Library/Class/CDC/Src/usbh_cdc.o
 .debug_macro   0x0000000000021021       0x16 Middlewares/ST/STM32_USB_Host_Library/Class/CDC/Src/usbh_cdc.o
 .debug_macro   0x0000000000021037       0x20 Middlewares/ST/STM32_USB_Host_Library/Class/CDC/Src/usbh_cdc.o
 .debug_macro   0x0000000000021057       0xd9 Middlewares/ST/STM32_USB_Host_Library/Class/CDC/Src/usbh_cdc.o
 .debug_macro   0x0000000000021130       0x54 Middlewares/ST/STM32_USB_Host_Library/Class/CDC/Src/usbh_cdc.o
 .debug_macro   0x0000000000021184       0x73 Middlewares/ST/STM32_USB_Host_Library/Class/CDC/Src/usbh_cdc.o
 .debug_macro   0x00000000000211f7      0x210 Middlewares/ST/STM32_USB_Host_Library/Class/CDC/Src/usbh_cdc.o
 .debug_macro   0x0000000000021407       0x2e Middlewares/ST/STM32_USB_Host_Library/Class/CDC/Src/usbh_cdc.o
 .debug_macro   0x0000000000021435       0x2e Middlewares/ST/STM32_USB_Host_Library/Class/CDC/Src/usbh_cdc.o
 .debug_macro   0x0000000000021463       0x28 Middlewares/ST/STM32_USB_Host_Library/Class/CDC/Src/usbh_cdc.o
 .debug_macro   0x000000000002148b      0x15c Middlewares/ST/STM32_USB_Host_Library/Class/CDC/Src/usbh_cdc.o
 .debug_macro   0x00000000000215e7      0x428 Middlewares/ST/STM32_USB_Host_Library/Core/Src/usbh_core.o
 .debug_macro   0x0000000000021a0f      0x420 Middlewares/ST/STM32_USB_Host_Library/Core/Src/usbh_ctlreq.o
 .debug_macro   0x0000000000021e2f       0x28 Middlewares/ST/STM32_USB_Host_Library/Core/Src/usbh_ctlreq.o
 .debug_macro   0x0000000000021e57      0x41a Middlewares/ST/STM32_USB_Host_Library/Core/Src/usbh_ioreq.o
 .debug_macro   0x0000000000022271      0x41a Middlewares/ST/STM32_USB_Host_Library/Core/Src/usbh_pipes.o
 .debug_macro   0x000000000002268b      0x429 USB_HOST/App/usb_host.o
 .debug_macro   0x0000000000022ab4       0x46 USB_HOST/App/usb_host.o
 .debug_macro   0x0000000000022afa      0x32a USB_HOST/App/usb_host.o
 .debug_macro   0x0000000000022e24      0x196 USB_HOST/App/usb_host.o
 .debug_macro   0x0000000000022fba      0x162 USB_HOST/App/usb_host.o
 .debug_macro   0x000000000002311c      0x42a USB_HOST/Target/usbh_conf.o
 .debug_macro   0x0000000000023546      0x21a USB_HOST/Target/usbh_platform.o

.debug_line     0x0000000000000000    0x10d8e
 .debug_line    0x0000000000000000      0x81c Core/Src/main.o
 .debug_line    0x000000000000081c      0x7b3 Core/Src/stm32f4xx_hal_msp.o
 .debug_line    0x0000000000000fcf      0x7d4 Core/Src/stm32f4xx_it.o
 .debug_line    0x00000000000017a3      0x55e Core/Src/sysmem.o
 .debug_line    0x0000000000001d01      0x73f Core/Src/system_stm32f4xx.o
 .debug_line    0x0000000000002440       0x86 Core/Startup/startup_stm32f407vgtx.o
 .debug_line    0x00000000000024c6      0x920 Drivers/STM32F4xx_HAL_Driver/Src/stm32f4xx_hal.o
 .debug_line    0x0000000000002de6      0xa47 Drivers/STM32F4xx_HAL_Driver/Src/stm32f4xx_hal_cortex.o
 .debug_line    0x000000000000382d      0x902 Drivers/STM32F4xx_HAL_Driver/Src/stm32f4xx_hal_gpio.o
 .debug_line    0x000000000000412f      0xba1 Drivers/STM32F4xx_HAL_Driver/Src/stm32f4xx_hal_hcd.o
 .debug_line    0x0000000000004cd0     0x1b03 Drivers/STM32F4xx_HAL_Driver/Src/stm32f4xx_hal_i2c.o
 .debug_line    0x00000000000067d3      0xcdb Drivers/STM32F4xx_HAL_Driver/Src/stm32f4xx_hal_i2s.o
 .debug_line    0x00000000000074ae      0xeed Drivers/STM32F4xx_HAL_Driver/Src/stm32f4xx_hal_i2s_ex.o
 .debug_line    0x000000000000839b      0x967 Drivers/STM32F4xx_HAL_Driver/Src/stm32f4xx_hal_rcc.o
 .debug_line    0x0000000000008d02      0x844 Drivers/STM32F4xx_HAL_Driver/Src/stm32f4xx_hal_rcc_ex.o
 .debug_line    0x0000000000009546     0x10d4 Drivers/STM32F4xx_HAL_Driver/Src/stm32f4xx_hal_spi.o
 .debug_line    0x000000000000a61a      0xe45 Drivers/STM32F4xx_HAL_Driver/Src/stm32f4xx_ll_usb.o
 .debug_line    0x000000000000b45f      0xc84 Middlewares/ST/STM32_USB_Host_Library/Class/CDC/Src/usbh_cdc.o
 .debug_line    0x000000000000c0e3      0xd35 Middlewares/ST/STM32_USB_Host_Library/Core/Src/usbh_core.o
 .debug_line    0x000000000000ce18      0xca9 Middlewares/ST/STM32_USB_Host_Library/Core/Src/usbh_ctlreq.o
 .debug_line    0x000000000000dac1      0xab0 Middlewares/ST/STM32_USB_Host_Library/Core/Src/usbh_ioreq.o
 .debug_line    0x000000000000e571      0xa68 Middlewares/ST/STM32_USB_Host_Library/Core/Src/usbh_pipes.o
 .debug_line    0x000000000000efd9      0xa69 USB_HOST/App/usb_host.o
 .debug_line    0x000000000000fa42      0xc02 USB_HOST/Target/usbh_conf.o
 .debug_line    0x0000000000010644      0x74a USB_HOST/Target/usbh_platform.o

.debug_str      0x0000000000000000    0xca04c
 .debug_str     0x0000000000000000    0xbf4f8 Core/Src/main.o
                                      0xbf84a (size before relaxing)
 .debug_str     0x00000000000bf4f8       0xa1 Core/Src/stm32f4xx_hal_msp.o
                                      0xbf67e (size before relaxing)
 .debug_str     0x00000000000bf599      0x43d Core/Src/stm32f4xx_it.o
                                      0xbf14a (size before relaxing)
 .debug_str     0x00000000000bf9d6     0x4529 Core/Src/sysmem.o
                                       0x7afa (size before relaxing)
 .debug_str     0x00000000000c3eff       0xc4 Core/Src/system_stm32f4xx.o
                                      0xbe7b6 (size before relaxing)
 .debug_str     0x00000000000c3fc3       0x36 Core/Startup/startup_stm32f407vgtx.o
                                         0x7c (size before relaxing)
 .debug_str     0x00000000000c3ff9      0xad2 Drivers/STM32F4xx_HAL_Driver/Src/stm32f4xx_hal.o
                                      0xbf2f7 (size before relaxing)
 .debug_str     0x00000000000c4acb      0x392 Drivers/STM32F4xx_HAL_Driver/Src/stm32f4xx_hal_cortex.o
                                      0xbf072 (size before relaxing)
 .debug_str     0x00000000000c4e5d      0x20c Drivers/STM32F4xx_HAL_Driver/Src/stm32f4xx_hal_gpio.o
                                      0xbe9f5 (size before relaxing)
 .debug_str     0x00000000000c5069      0x3c2 Drivers/STM32F4xx_HAL_Driver/Src/stm32f4xx_hal_hcd.o
                                      0xbee10 (size before relaxing)
 .debug_str     0x00000000000c542b      0xa46 Drivers/STM32F4xx_HAL_Driver/Src/stm32f4xx_hal_i2c.o
                                      0xbf6d7 (size before relaxing)
 .debug_str     0x00000000000c5e71      0x266 Drivers/STM32F4xx_HAL_Driver/Src/stm32f4xx_hal_i2s.o
                                      0xbed54 (size before relaxing)
 .debug_str     0x00000000000c60d7      0x1f1 Drivers/STM32F4xx_HAL_Driver/Src/stm32f4xx_hal_i2s_ex.o
                                      0xbeca8 (size before relaxing)
 .debug_str     0x00000000000c62c8      0x243 Drivers/STM32F4xx_HAL_Driver/Src/stm32f4xx_hal_rcc.o
                                      0xbeb98 (size before relaxing)
 .debug_str     0x00000000000c650b      0x113 Drivers/STM32F4xx_HAL_Driver/Src/stm32f4xx_hal_rcc_ex.o
                                      0xbe8eb (size before relaxing)
 .debug_str     0x00000000000c661e      0x520 Drivers/STM32F4xx_HAL_Driver/Src/stm32f4xx_hal_spi.o
                                      0xbf024 (size before relaxing)
 .debug_str     0x00000000000c6b3e      0x626 Drivers/STM32F4xx_HAL_Driver/Src/stm32f4xx_ll_usb.o
                                      0xbf08a (size before relaxing)
 .debug_str     0x00000000000c7164     0x2655 Middlewares/ST/STM32_USB_Host_Library/Class/CDC/Src/usbh_cdc.o
                                      0xc54a1 (size before relaxing)
 .debug_str     0x00000000000c97b9      0x25c Middlewares/ST/STM32_USB_Host_Library/Core/Src/usbh_core.o
                                      0xc499d (size before relaxing)
 .debug_str     0x00000000000c9a15      0x222 Middlewares/ST/STM32_USB_Host_Library/Core/Src/usbh_ctlreq.o
                                      0xc49cb (size before relaxing)
 .debug_str     0x00000000000c9c37       0xfe Middlewares/ST/STM32_USB_Host_Library/Core/Src/usbh_ioreq.o
                                      0xc4846 (size before relaxing)
 .debug_str     0x00000000000c9d35       0x97 Middlewares/ST/STM32_USB_Host_Library/Core/Src/usbh_pipes.o
                                      0xc47cb (size before relaxing)
 .debug_str     0x00000000000c9dcc       0xc7 USB_HOST/App/usb_host.o
                                      0xc4eb8 (size before relaxing)
 .debug_str     0x00000000000c9e93      0x186 USB_HOST/Target/usbh_conf.o
                                      0xc54fc (size before relaxing)
 .debug_str     0x00000000000ca019       0x33 USB_HOST/Target/usbh_platform.o
                                      0xbe6ca (size before relaxing)

.comment        0x0000000000000000       0x7b
 .comment       0x0000000000000000       0x7b Core/Src/main.o
                                         0x7c (size before relaxing)
 .comment       0x000000000000007b       0x7c Core/Src/stm32f4xx_hal_msp.o
 .comment       0x000000000000007b       0x7c Core/Src/stm32f4xx_it.o
 .comment       0x000000000000007b       0x7c Core/Src/sysmem.o
 .comment       0x000000000000007b       0x7c Core/Src/system_stm32f4xx.o
 .comment       0x000000000000007b       0x7c Drivers/STM32F4xx_HAL_Driver/Src/stm32f4xx_hal.o
 .comment       0x000000000000007b       0x7c Drivers/STM32F4xx_HAL_Driver/Src/stm32f4xx_hal_cortex.o
 .comment       0x000000000000007b       0x7c Drivers/STM32F4xx_HAL_Driver/Src/stm32f4xx_hal_gpio.o
 .comment       0x000000000000007b       0x7c Drivers/STM32F4xx_HAL_Driver/Src/stm32f4xx_hal_hcd.o
 .comment       0x000000000000007b       0x7c Drivers/STM32F4xx_HAL_Driver/Src/stm32f4xx_hal_i2c.o
 .comment       0x000000000000007b       0x7c Drivers/STM32F4xx_HAL_Driver/Src/stm32f4xx_hal_i2s.o
 .comment       0x000000000000007b       0x7c Drivers/STM32F4xx_HAL_Driver/Src/stm32f4xx_hal_i2s_ex.o
 .comment       0x000000000000007b       0x7c Drivers/STM32F4xx_HAL_Driver/Src/stm32f4xx_hal_rcc.o
 .comment       0x000000000000007b       0x7c Drivers/STM32F4xx_HAL_Driver/Src/stm32f4xx_hal_rcc_ex.o
 .comment       0x000000000000007b       0x7c Drivers/STM32F4xx_HAL_Driver/Src/stm32f4xx_hal_spi.o
 .comment       0x000000000000007b       0x7c Drivers/STM32F4xx_HAL_Driver/Src/stm32f4xx_ll_usb.o
 .comment       0x000000000000007b       0x7c Middlewares/ST/STM32_USB_Host_Library/Class/CDC/Src/usbh_cdc.o
 .comment       0x000000000000007b       0x7c Middlewares/ST/STM32_USB_Host_Library/Core/Src/usbh_core.o
 .comment       0x000000000000007b       0x7c Middlewares/ST/STM32_USB_Host_Library/Core/Src/usbh_ctlreq.o
 .comment       0x000000000000007b       0x7c Middlewares/ST/STM32_USB_Host_Library/Core/Src/usbh_ioreq.o
 .comment       0x000000000000007b       0x7c Middlewares/ST/STM32_USB_Host_Library/Core/Src/usbh_pipes.o
 .comment       0x000000000000007b       0x7c USB_HOST/App/usb_host.o
 .comment       0x000000000000007b       0x7c USB_HOST/Target/usbh_conf.o
 .comment       0x000000000000007b       0x7c USB_HOST/Target/usbh_platform.o

.debug_frame    0x0000000000000000     0x4754
 .debug_frame   0x0000000000000000       0xe8 Core/Src/main.o
 .debug_frame   0x00000000000000e8      0x110 Core/Src/stm32f4xx_hal_msp.o
 .debug_frame   0x00000000000001f8      0x128 Core/Src/stm32f4xx_it.o
 .debug_frame   0x0000000000000320       0x34 Core/Src/sysmem.o
 .debug_frame   0x0000000000000354       0x58 Core/Src/system_stm32f4xx.o
 .debug_frame   0x00000000000003ac      0x374 Drivers/STM32F4xx_HAL_Driver/Src/stm32f4xx_hal.o
 .debug_frame   0x0000000000000720      0x498 Drivers/STM32F4xx_HAL_Driver/Src/stm32f4xx_hal_cortex.o
 .debug_frame   0x0000000000000bb8      0x14c Drivers/STM32F4xx_HAL_Driver/Src/stm32f4xx_hal_gpio.o
 .debug_frame   0x0000000000000d04      0x428 Drivers/STM32F4xx_HAL_Driver/Src/stm32f4xx_hal_hcd.o
 .debug_frame   0x000000000000112c      0xc10 Drivers/STM32F4xx_HAL_Driver/Src/stm32f4xx_hal_i2c.o